Component: ARM Compiler 5.05 update 1 (build 106) Tool: armlink [4d0efa]

==============================================================================

Section Cross References

    os_app_hooks.o(i.App_OS_ClrAllHooks) refers to cpu_a.o(.text) for CPU_SR_Save
    os_app_hooks.o(i.App_OS_ClrAllHooks) refers to os_var.o(.data) for OS_AppTaskCreateHookPtr
    os_app_hooks.o(i.App_OS_ClrAllHooks) refers to os_var.o(.data) for OS_AppTaskDelHookPtr
    os_app_hooks.o(i.App_OS_ClrAllHooks) refers to os_var.o(.data) for OS_AppTaskReturnHookPtr
    os_app_hooks.o(i.App_OS_ClrAllHooks) refers to os_var.o(.data) for OS_AppIdleTaskHookPtr
    os_app_hooks.o(i.App_OS_ClrAllHooks) refers to os_var.o(.data) for OS_AppStatTaskHookPtr
    os_app_hooks.o(i.App_OS_ClrAllHooks) refers to os_var.o(.data) for OS_AppTaskSwHookPtr
    os_app_hooks.o(i.App_OS_ClrAllHooks) refers to os_var.o(.data) for OS_AppTimeTickHookPtr
    os_app_hooks.o(i.App_OS_SetAllHooks) refers to cpu_a.o(.text) for CPU_SR_Save
    os_app_hooks.o(i.App_OS_SetAllHooks) refers to os_app_hooks.o(i.App_OS_TaskCreateHook) for App_OS_TaskCreateHook
    os_app_hooks.o(i.App_OS_SetAllHooks) refers to os_var.o(.data) for OS_AppTaskCreateHookPtr
    os_app_hooks.o(i.App_OS_SetAllHooks) refers to os_app_hooks.o(i.App_OS_TaskDelHook) for App_OS_TaskDelHook
    os_app_hooks.o(i.App_OS_SetAllHooks) refers to os_var.o(.data) for OS_AppTaskDelHookPtr
    os_app_hooks.o(i.App_OS_SetAllHooks) refers to os_app_hooks.o(i.App_OS_TaskReturnHook) for App_OS_TaskReturnHook
    os_app_hooks.o(i.App_OS_SetAllHooks) refers to os_var.o(.data) for OS_AppTaskReturnHookPtr
    os_app_hooks.o(i.App_OS_SetAllHooks) refers to os_app_hooks.o(i.App_OS_IdleTaskHook) for App_OS_IdleTaskHook
    os_app_hooks.o(i.App_OS_SetAllHooks) refers to os_var.o(.data) for OS_AppIdleTaskHookPtr
    os_app_hooks.o(i.App_OS_SetAllHooks) refers to os_app_hooks.o(i.App_OS_StatTaskHook) for App_OS_StatTaskHook
    os_app_hooks.o(i.App_OS_SetAllHooks) refers to os_var.o(.data) for OS_AppStatTaskHookPtr
    os_app_hooks.o(i.App_OS_SetAllHooks) refers to os_app_hooks.o(i.App_OS_TaskSwHook) for App_OS_TaskSwHook
    os_app_hooks.o(i.App_OS_SetAllHooks) refers to os_var.o(.data) for OS_AppTaskSwHookPtr
    os_app_hooks.o(i.App_OS_SetAllHooks) refers to os_app_hooks.o(i.App_OS_TimeTickHook) for App_OS_TimeTickHook
    os_app_hooks.o(i.App_OS_SetAllHooks) refers to os_var.o(.data) for OS_AppTimeTickHookPtr
    bsp.o(i.BSP_CPU_ClkFreq) refers to stm32f4xx_rcc.o(i.RCC_GetClocksFreq) for RCC_GetClocksFreq
    bsp.o(i.BSP_Tick_Init) refers to bsp.o(i.BSP_CPU_ClkFreq) for BSP_CPU_ClkFreq
    bsp.o(i.BSP_Tick_Init) refers to os_cpu_c.o(i.OS_CPU_SysTickInit) for OS_CPU_SysTickInit
    bsp.o(i.BSP_Tick_Init) refers to os_cfg_app.o(.constdata) for OSCfg_TickRate_Hz
    bsp.o(i.CPU_TS32_to_uSec) refers to bsp.o(i.BSP_CPU_ClkFreq) for BSP_CPU_ClkFreq
    bsp.o(i.CPU_TS32_to_uSec) refers to lludivv7m.o(.text) for __aeabi_uldivmod
    bsp.o(i.CPU_TS_TmrInit) refers to bsp.o(i.BSP_CPU_ClkFreq) for BSP_CPU_ClkFreq
    bsp.o(i.CPU_TS_TmrInit) refers to cpu_core.o(i.CPU_TS_TmrFreqSet) for CPU_TS_TmrFreqSet
    cpu_core.o(i.CPU_CntLeadZeros08) refers to cpu_a.o(.text) for CPU_CntLeadZeros
    cpu_core.o(i.CPU_CntLeadZeros16) refers to cpu_a.o(.text) for CPU_CntLeadZeros
    cpu_core.o(i.CPU_CntLeadZeros32) refers to cpu_a.o(.text) for CPU_CntLeadZeros
    cpu_core.o(i.CPU_CntLeadZeros64) refers to cpu_core.o(.constdata) for .constdata
    cpu_core.o(i.CPU_CntTrailZeros08) refers to cpu_a.o(.text) for CPU_CntTrailZeros
    cpu_core.o(i.CPU_CntTrailZeros16) refers to cpu_a.o(.text) for CPU_CntTrailZeros
    cpu_core.o(i.CPU_CntTrailZeros32) refers to cpu_a.o(.text) for CPU_CntTrailZeros
    cpu_core.o(i.CPU_CntTrailZeros64) refers to cpu_core.o(i.CPU_CntLeadZeros64) for CPU_CntLeadZeros64
    cpu_core.o(i.CPU_Init) refers to bsp.o(i.CPU_TS_TmrInit) for CPU_TS_TmrInit
    cpu_core.o(i.CPU_Init) refers to cpu_core.o(i.CPU_NameClr) for CPU_NameClr
    cpu_core.o(i.CPU_Init) refers to cpu_core.o(.data) for .data
    cpu_core.o(i.CPU_NameClr) refers to cpu_a.o(.text) for CPU_SR_Save
    cpu_core.o(i.CPU_NameClr) refers to lib_mem.o(i.Mem_Clr) for Mem_Clr
    cpu_core.o(i.CPU_NameClr) refers to cpu_core.o(.bss) for .bss
    cpu_core.o(i.CPU_NameGet) refers to cpu_a.o(.text) for CPU_SR_Save
    cpu_core.o(i.CPU_NameGet) refers to lib_str.o(i.Str_Copy_N) for Str_Copy_N
    cpu_core.o(i.CPU_NameGet) refers to cpu_core.o(.bss) for .bss
    cpu_core.o(i.CPU_NameSet) refers to lib_str.o(i.Str_Len_N) for Str_Len_N
    cpu_core.o(i.CPU_NameSet) refers to cpu_a.o(.text) for CPU_SR_Save
    cpu_core.o(i.CPU_NameSet) refers to lib_str.o(i.Str_Copy_N) for Str_Copy_N
    cpu_core.o(i.CPU_NameSet) refers to cpu_core.o(.bss) for .bss
    cpu_core.o(i.CPU_TS_Get32) refers to bsp.o(i.CPU_TS_TmrRd) for CPU_TS_TmrRd
    cpu_core.o(i.CPU_TS_TmrFreqGet) refers to cpu_core.o(.data) for .data
[...]
    OS_TaskInitTCB                           0x08004f59   Thumb Code   176  os_task.o(i.OS_TaskInitTCB)
    OS_TaskResume                            0x08005015   Thumb Code   168  os_task.o(i.OS_TaskResume)
    OS_TaskReturn                            0x080050bd   Thumb Code    20  os_task.o(i.OS_TaskReturn)
    OS_TaskSemPost                           0x080050d5   Thumb Code   148  os_task.o(i.OS_TaskSemPost)
    OS_TaskSuspend                           0x0800516d   Thumb Code   144  os_task.o(i.OS_TaskSuspend)
    OS_TickListInsert                        0x08005205   Thumb Code    94  os_tick.o(i.OS_TickListInsert)
    OS_TickListInsertDly                     0x08005265   Thumb Code   110  os_tick.o(i.OS_TickListInsertDly)
    OS_TickListRemove                        0x080052e1   Thumb Code    64  os_tick.o(i.OS_TickListRemove)
    OS_TickListResetPeak                     0x08005321   Thumb Code     2  os_tick.o(i.OS_TickListResetPeak)
    OS_TickTask                              0x08005485   Thumb Code    62  os_tick.o(i.OS_TickTask)
    OS_TickTaskInit                          0x080054cd   Thumb Code   118  os_tick.o(i.OS_TickTaskInit)
    OS_TmrDbgListAdd                         0x08005581   Thumb Code    22  os_tmr.o(i.OS_TmrDbgListAdd)
    OS_TmrInit                               0x0800559d   Thumb Code   166  os_tmr.o(i.OS_TmrInit)
    OS_TmrResetPeak                          0x080056c9   Thumb Code     2  os_tmr.o(i.OS_TmrResetPeak)
    OS_TmrTask                               0x080056cd   Thumb Code   138  os_tmr.o(i.OS_TmrTask)
    OS_TmrUnlink                             0x08005765   Thumb Code    50  os_tmr.o(i.OS_TmrUnlink)
    PWR_BackupAccessCmd                      0x080057b5   Thumb Code     6  stm32f4xx_pwr.o(i.PWR_BackupAccessCmd)
    RCC_AHB1PeriphClockCmd                   0x080057c1   Thumb Code    18  stm32f4xx_rcc.o(i.RCC_AHB1PeriphClockCmd)
    RCC_APB1PeriphClockCmd                   0x080057d9   Thumb Code    18  stm32f4xx_rcc.o(i.RCC_APB1PeriphClockCmd)
    RCC_APB2PeriphClockCmd                   0x080057f1   Thumb Code    18  stm32f4xx_rcc.o(i.RCC_APB2PeriphClockCmd)
    RCC_GetClocksFreq                        0x08005809   Thumb Code   132  stm32f4xx_rcc.o(i.RCC_GetClocksFreq)
    RCC_GetFlagStatus                        0x08005899   Thumb Code    46  stm32f4xx_rcc.o(i.RCC_GetFlagStatus)
    RCC_LSICmd                               0x080058cd   Thumb Code     6  stm32f4xx_rcc.o(i.RCC_LSICmd)
    RCC_RTCCLKCmd                            0x080058d9   Thumb Code     6  stm32f4xx_rcc.o(i.RCC_RTCCLKCmd)
    RCC_RTCCLKConfig                         0x080058e5   Thumb Code    40  stm32f4xx_rcc.o(i.RCC_RTCCLKConfig)
    RTC_Alarm_IRQHandler                     0x08005915   Thumb Code     2  rtc.o(i.RTC_Alarm_IRQHandler)
    RTC_ClearFlag                            0x08005941   Thumb Code    22  stm32f4xx_rtc.o(i.RTC_ClearFlag)
    RTC_ClearITPendingBit                    0x0800595d   Thumb Code    24  stm32f4xx_rtc.o(i.RTC_ClearITPendingBit)
    RTC_EnterInitMode                        0x08005979   Thumb Code    56  stm32f4xx_rtc.o(i.RTC_EnterInitMode)
    RTC_ExitInitMode                         0x080059b5   Thumb Code    12  stm32f4xx_rtc.o(i.RTC_ExitInitMode)
    RTC_GetITStatus                          0x080059c5   Thumb Code    46  stm32f4xx_rtc.o(i.RTC_GetITStatus)
    RTC_GetTime                              0x080059fd   Thumb Code    70  stm32f4xx_rtc.o(i.RTC_GetTime)
    RTC_ITConfig                             0x08005a4d   Thumb Code    60  stm32f4xx_rtc.o(i.RTC_ITConfig)
    RTC_Init                                 0x08005a8d   Thumb Code    74  stm32f4xx_rtc.o(i.RTC_Init)
    RTC_SetDate                              0x08005add   Thumb Code   144  stm32f4xx_rtc.o(i.RTC_SetDate)
    RTC_SetTime                              0x08005b75   Thumb Code   150  stm32f4xx_rtc.o(i.RTC_SetTime)
    RTC_SetWakeUpCounter                     0x08005c15   Thumb Code    22  stm32f4xx_rtc.o(i.RTC_SetWakeUpCounter)
    RTC_WKUP_IRQHandler                      0x08005c31   Thumb Code    50  rtc.o(i.RTC_WKUP_IRQHandler)
    RTC_WaitForSynchro                       0x08005c69   Thumb Code    70  stm32f4xx_rtc.o(i.RTC_WaitForSynchro)
    RTC_WakeUpClockConfig                    0x08005cb5   Thumb Code    34  stm32f4xx_rtc.o(i.RTC_WakeUpClockConfig)
    RTC_WakeUpCmd                            0x08005cdd   Thumb Code    84  stm32f4xx_rtc.o(i.RTC_WakeUpCmd)
    Read_MFRC522                             0x08005d35   Thumb Code    38  mfrc522.o(i.Read_MFRC522)
    SPI3_Receive                             0x08005d61   Thumb Code    46  mfrc522.o(i.SPI3_Receive)
    SPI3_Send                                0x08005d95   Thumb Code    48  mfrc522.o(i.SPI3_Send)
    SPI_Cmd                                  0x08005dc9   Thumb Code    20  stm32f4xx_spi.o(i.SPI_Cmd)
    SPI_I2S_GetFlagStatus                    0x08005ddd   Thumb Code    14  stm32f4xx_spi.o(i.SPI_I2S_GetFlagStatus)
    SPI_I2S_ReceiveData                      0x08005deb   Thumb Code     4  stm32f4xx_spi.o(i.SPI_I2S_ReceiveData)
    SPI_I2S_SendData                         0x08005def   Thumb Code     4  stm32f4xx_spi.o(i.SPI_I2S_SendData)
    SPI_Init                                 0x08005df3   Thumb Code    56  stm32f4xx_spi.o(i.SPI_Init)
    STM32_SPI3_Init                          0x08005e2d   Thumb Code   176  mfrc522.o(i.STM32_SPI3_Init)
    SVC_Handler                              0x08005ef5   Thumb Code     2  stm32f4xx_it.o(i.SVC_Handler)
    SYSCFG_EXTILineConfig                    0x08005ef9   Thumb Code    42  stm32f4xx_syscfg.o(i.SYSCFG_EXTILineConfig)
    SetBitMask                               0x08005f29   Thumb Code    24  mfrc522.o(i.SetBitMask)
    SysTick_CLKSourceConfig                  0x08005ff5   Thumb Code    24  misc.o(i.SysTick_CLKSourceConfig)
    SystemInit                               0x0800600d   Thumb Code    74  system_stm32f4xx.o(i.SystemInit)
    USART1_IRQHandler                        0x08006069   Thumb Code   112  usart.o(i.USART1_IRQHandler)
    USART2_IRQHandler                        0x08006115   Thumb Code    68  usart.o(i.USART2_IRQHandler)
    USART3_IRQHandler                        0x08006161   Thumb Code   130  blue_teeth.o(i.USART3_IRQHandler)
    USART_ClearFlag                          0x080061f9   Thumb Code     6  stm32f4xx_usart.o(i.USART_ClearFlag)
    USART_ClearITPendingBit                  0x080061ff   Thumb Code    12  stm32f4xx_usart.o(i.USART_ClearITPendingBit)
    USART_Cmd                                0x0800620b   Thumb Code    20  stm32f4xx_usart.o(i.USART_Cmd)
    USART_GetFlagStatus                      0x0800621f   Thumb Code    14  stm32f4xx_usart.o(i.USART_GetFlagStatus)
    USART_GetITStatus                        0x0800622d   Thumb Code    62  stm32f4xx_usart.o(i.USART_GetITStatus)
    USART_ITConfig                           0x0800626b   Thumb Code    48  stm32f4xx_usart.o(i.USART_ITConfig)
    USART_Init                               0x0800629d   Thumb Code   164  stm32f4xx_usart.o(i.USART_Init)
    USART_ReceiveData                        0x08006349   Thumb Code     8  stm32f4xx_usart.o(i.USART_ReceiveData)
    USART_SendData                           0x08006351   Thumb Code     8  stm32f4xx_usart.o(i.USART_SendData)
    UsageFault_Handler                       0x08006359   Thumb Code     2  stm32f4xx_it.o(i.UsageFault_Handler)
    Write_IIC_Byte                           0x0800635d   Thumb Code    94  oled.o(i.Write_IIC_Byte)
    Write_IIC_Command                        0x080063c1   Thumb Code    46  oled.o(i.Write_IIC_Command)
    Write_IIC_Data                           0x080063ef   Thumb Code    46  oled.o(i.Write_IIC_Data)
    Write_MFRC522                            0x0800641d   Thumb Code    38  mfrc522.o(i.Write_MFRC522)
    __ARM_fpclassify                         0x08006449   Thumb Code    48  fpclassify.o(i.__ARM_fpclassify)
    _is_digit                                0x08006479   Thumb Code    14  __printf_wp.o(i._is_digit)
    _sys_exit                                0x08006487   Thumb Code     2  usart.o(i._sys_exit)
    adc_init                                 0x08006489   Thumb Code   114  fire.o(i.adc_init)
    app_task_beep                            0x08006505   Thumb Code    90  main.o(i.app_task_beep)
    app_task_blueteeth                       0x080065e5   Thumb Code   726  main.o(i.app_task_blueteeth)
    app_task_dht11                           0x08006ac9   Thumb Code   166  main.o(i.app_task_dht11)
    app_task_fire                            0x08006bc1   Thumb Code   264  main.o(i.app_task_fire)
    app_task_gsm                             0x08006d61   Thumb Code   524  main.o(i.app_task_gsm)
    app_task_init                            0x080070cd   Thumb Code   844  main.o(i.app_task_init)
    app_task_ir                              0x08007665   Thumb Code   210  main.o(i.app_task_ir)
    app_task_keyboard                        0x080077f1   Thumb Code  3474  main.o(i.app_task_keyboard)
    app_task_num                             0x080085c1   Thumb Code    86  main.o(i.app_task_num)
    app_task_rfid                            0x08008669   Thumb Code   586  main.o(i.app_task_rfid)
    app_task_rtc                             0x08008ab1   Thumb Code   130  main.o(i.app_task_rtc)
    app_task_send                            0x08008b91   Thumb Code    82  main.o(i.app_task_send)
    app_task_smoke                           0x08008c39   Thumb Code   264  main.o(i.app_task_smoke)
    app_task_usart1                          0x08008ddd   Thumb Code   256  main.o(i.app_task_usart1)
    app_task_usart2                          0x08008f51   Thumb Code   172  main.o(i.app_task_usart2)
    delay_ms                                 0x08009069   Thumb Code    58  delay.o(i.delay_ms)
    delay_us                                 0x080090b1   Thumb Code    62  delay.o(i.delay_us)
    dgb_printf_safe                          0x080090f5   Thumb Code    46  main.o(i.dgb_printf_safe)
    dht11_init                               0x08009129   Thumb Code    48  dht11.o(i.dht11_init)
    dht11_read                               0x08009189   Thumb Code   292  dht11.o(i.dht11_read)
    fire_init                                0x080092b1   Thumb Code    44  fire.o(i.fire_init)
    fputc                                    0x080092e1   Thumb Code    20  usart.o(i.fputc)
    get_key_board                            0x080092f9   Thumb Code   298  keyboard.o(i.get_key_board)
    i2c_sda_mode                             0x0800942d   Thumb Code    24  oled.o(i.i2c_sda_mode)
    i2c_start                                0x0800944d   Thumb Code    50  oled.o(i.i2c_start)
    i2c_stop                                 0x08009485   Thumb Code    52  oled.o(i.i2c_stop)
    i2c_wait_ack                             0x080094bd   Thumb Code    50  oled.o(i.i2c_wait_ack)
    ir_init                                  0x080094f5   Thumb Code    96  ir.o(i.ir_init)
    ir_read                                  0x0800955d   Thumb Code   242  ir.o(i.ir_read)
    key_state                                0x08009655   Thumb Code   258  keyboard.o(i.key_state)
    keyboard_init                            0x0800979d   Thumb Code   112  keyboard.o(i.keyboard_init)
    main                                     0x08009815   Thumb Code    98  main.o(i.main)
    rtc_init                                 0x08009891   Thumb Code   234  rtc.o(i.rtc_init)
    smoke_adc_init                           0x0800997d   Thumb Code   114  smoke.o(i.smoke_adc_init)
    smoke_init                               0x080099f9   Thumb Code    42  smoke.o(i.smoke_init)
    systick_init                             0x08009a29   Thumb Code    76  delay.o(i.systick_init)
    timer_wdt_callback                       0x08009a89   Thumb Code    22  main.o(i.timer_wdt_callback)
    usart2_init                              0x08009aa1   Thumb Code   164  usart.o(i.usart2_init)
    usart2_send_str                          0x08009b4d   Thumb Code    42  usart.o(i.usart2_send_str)
    usart3_init                              0x08009b7d   Thumb Code   160  blue_teeth.o(i.usart3_init)
    usart3_send_str                          0x08009c25   Thumb Code    42  blue_teeth.o(i.usart3_send_str)
    usart_init                               0x08009c55   Thumb Code   172  usart.o(i.usart_init)
    _get_lc_ctype                            0x08009d09   Thumb Code    44  lc_ctype_c.o(locale$$code)
    _get_lc_numeric                          0x08009d35   Thumb Code    44  lc_numeric_c.o(locale$$code)
    _fp_init                                 0x08009d61   Thumb Code    10  fpinit.o(x$fpl$fpinit)
    __fplib_config_fpu_vfp                   0x08009d69   Thumb Code     0  fpinit.o(x$fpl$fpinit)
    __fplib_config_pureend_doubles           0x08009d69   Thumb Code     0  fpinit.o(x$fpl$fpinit)
    _printf_fp_dec                           0x08009d6b   Thumb Code     4  printf1.o(x$fpl$printf1)
    __I$use$fp                               0x08009d6e   Number         0  usenofp.o(x$fpl$usenofp)
    OSCfg_IdleTaskStkBasePtr                 0x08009d70   Data           4  os_cfg_app.o(.constdata)
    OSCfg_IdleTaskStkLimit                   0x08009d74   Data           4  os_cfg_app.o(.constdata)
    OSCfg_IdleTaskStkSize                    0x08009d78   Data           4  os_cfg_app.o(.constdata)
    OSCfg_ISRStkBasePtr                      0x08009d7c   Data           4  os_cfg_app.o(.constdata)
    OSCfg_ISRStkSize                         0x08009d80   Data           4  os_cfg_app.o(.constdata)
    OSCfg_MsgPoolSize                        0x08009d84   Data           2  os_cfg_app.o(.constdata)
    OSCfg_MsgPoolBasePtr                     0x08009d88   Data           4  os_cfg_app.o(.constdata)
    OSCfg_StatTaskPrio                       0x08009d8c   Data           1  os_cfg_app.o(.constdata)
    OSCfg_StatTaskRate_Hz                    0x08009d90   Data           4  os_cfg_app.o(.constdata)
    OSCfg_StatTaskStkBasePtr                 0x08009d94   Data           4  os_cfg_app.o(.constdata)
    OSCfg_StatTaskStkLimit                   0x08009d98   Data           4  os_cfg_app.o(.constdata)
    OSCfg_StatTaskStkSize                    0x08009d9c   Data           4  os_cfg_app.o(.constdata)
    OSCfg_StkSizeMin                         0x08009da0   Data           4  os_cfg_app.o(.constdata)
    OSCfg_TickRate_Hz                        0x08009da4   Data           4  os_cfg_app.o(.constdata)
    OSCfg_TickTaskPrio                       0x08009da8   Data           1  os_cfg_app.o(.constdata)
    OSCfg_TickTaskStkBasePtr                 0x08009dac   Data           4  os_cfg_app.o(.constdata)
    OSCfg_TickTaskStkLimit                   0x08009db0   Data           4  os_cfg_app.o(.constdata)
    OSCfg_TickTaskStkSize                    0x08009db4   Data           4  os_cfg_app.o(.constdata)
    OSCfg_TmrTaskPrio                        0x08009db8   Data           1  os_cfg_app.o(.constdata)
    OSCfg_TmrTaskRate_Hz                     0x08009dbc   Data           4  os_cfg_app.o(.constdata)
    OSCfg_TmrTaskStkBasePtr                  0x08009dc0   Data           4  os_cfg_app.o(.constdata)
    OSCfg_TmrTaskStkLimit                    0x08009dc4   Data           4  os_cfg_app.o(.constdata)
    OSCfg_TmrTaskStkSize                     0x08009dc8   Data           4  os_cfg_app.o(.constdata)
    pic_name                                 0x08009dcc   Data        1024  bmp.o(.constdata)
    pic_fire                                 0x0800a1cc   Data        1024  bmp.o(.constdata)
    pic_smoke                                0x0800a5cc   Data        1024  bmp.o(.constdata)
    pic_success                              0x0800a9cc   Data        1024  bmp.o(.constdata)
    pic_fail                                 0x0800adcc   Data        1024  bmp.o(.constdata)
    F6x8                                     0x0800b1cc   Data         552  oled.o(.constdata)
    F8X16                                    0x0800b3f4   Data        1520  oled.o(.constdata)
    Hzk                                      0x0800b9e4   Data        1024  oled.o(.constdata)
    Region$$Table$$Base                      0x0800bebc   Number         0  anon$$obj.o(Region$$Table)
    Region$$Table$$Limit                     0x0800bedc   Number         0  anon$$obj.o(Region$$Table)
    __ctype                                  0x0800bee9   Data           0  lc_ctype_c.o(locale$$data)
    OSPrioTbl                                0x20000000   Data           8  os_prio.o(.data)
    OS_AppTaskCreateHookPtr                  0x20000008   Data           4  os_var.o(.data)
    OS_AppTaskDelHookPtr                     0x2000000c   Data           4  os_var.o(.data)
    OS_AppTaskReturnHookPtr                  0x20000010   Data           4  os_var.o(.data)
    OS_AppIdleTaskHookPtr                    0x20000014   Data           4  os_var.o(.data)
    OS_AppStatTaskHookPtr                    0x20000018   Data           4  os_var.o(.data)
    OS_AppTaskSwHookPtr                      0x2000001c   Data           4  os_var.o(.data)
    OS_AppTimeTickHookPtr                    0x20000020   Data           4  os_var.o(.data)
    OSIdleTaskCtr                            0x20000024   Data           4  os_var.o(.data)
    OSIntNestingCtr                          0x20000028   Data           1  os_var.o(.data)
    OSRunning                                0x20000029   Data           1  os_var.o(.data)
    OSFlagDbgListPtr                         0x2000002c   Data           4  os_var.o(.data)
    OSFlagQty                                0x20000030   Data           2  os_var.o(.data)
    OSMemDbgListPtr                          0x20000034   Data           4  os_var.o(.data)
    OSMemQty                                 0x20000038   Data           2  os_var.o(.data)
    OSMutexDbgListPtr                        0x2000003c   Data           4  os_var.o(.data)
    OSMutexQty                               0x20000040   Data           2  os_var.o(.data)
    OSPrioCur                                0x20000042   Data           1  os_var.o(.data)
    OSPrioHighRdy                            0x20000043   Data           1  os_var.o(.data)
    OSPrioSaved                              0x20000044   Data           1  os_var.o(.data)
    OSQDbgListPtr                            0x20000048   Data           4  os_var.o(.data)
    OSQQty                                   0x2000004c   Data           2  os_var.o(.data)
    OSSchedLockTimeBegin                     0x20000050   Data           4  os_var.o(.data)
    OSSchedLockTimeMax                       0x20000054   Data           4  os_var.o(.data)
    OSSchedLockTimeMaxCur                    0x20000058   Data           4  os_var.o(.data)
    OSSchedLockNestingCtr                    0x2000005c   Data           1  os_var.o(.data)
    OSSemDbgListPtr                          0x20000060   Data           4  os_var.o(.data)
    OSSemQty                                 0x20000064   Data           2  os_var.o(.data)
    OSStatResetFlag                          0x20000066   Data           1  os_var.o(.data)
    OSStatTaskCPUUsage                       0x20000068   Data           2  os_var.o(.data)
    OSStatTaskCPUUsageMax                    0x2000006a   Data           2  os_var.o(.data)
    OSStatTaskCtr                            0x2000006c   Data           4  os_var.o(.data)
    OSStatTaskCtrMax                         0x20000070   Data           4  os_var.o(.data)
    OSStatTaskCtrRun                         0x20000074   Data           4  os_var.o(.data)
    OSStatTaskRdy                            0x20000078   Data           1  os_var.o(.data)
    OSStatTaskTimeMax                        0x2000007c   Data           4  os_var.o(.data)
    OSTaskCtxSwCtr                           0x20000080   Data           4  os_var.o(.data)
    OSTaskDbgListPtr                         0x20000084   Data           4  os_var.o(.data)
    OSTaskQty                                0x20000088   Data           2  os_var.o(.data)
    OSTaskRegNextAvailID                     0x2000008a   Data           1  os_var.o(.data)
    OSTickCtr                                0x2000008c   Data           4  os_var.o(.data)
    OSTickTaskTimeMax                        0x20000090   Data           4  os_var.o(.data)
    OSTickListDly                            0x20000094   Data           8  os_var.o(.data)
    OSTickListTimeout                        0x2000009c   Data           8  os_var.o(.data)
    OSTmrDbgListPtr                          0x200000a4   Data           4  os_var.o(.data)
    OSTmrListEntries                         0x200000a8   Data           2  os_var.o(.data)
    OSTmrListPtr                             0x200000ac   Data           4  os_var.o(.data)
    OSTmrQty                                 0x200000b0   Data           2  os_var.o(.data)
    OSTmrTaskTimeMax                         0x200000b4   Data           4  os_var.o(.data)
    OSTmrTickCtr                             0x200000b8   Data           4  os_var.o(.data)
    OSTmrUpdateCnt                           0x200000bc   Data           4  os_var.o(.data)
    OSTmrUpdateCtr                           0x200000c0   Data           4  os_var.o(.data)
    OSTCBCurPtr                              0x200000c4   Data           4  os_var.o(.data)
    OSTCBHighRdyPtr                          0x200000c8   Data           4  os_var.o(.data)
    OS_CPU_ExceptStkBase                     0x200000cc   Data           4  os_cpu_c.o(.data)
    er                                       0x200000d0   Data           4  main.o(.data)
    er2                                      0x200000d4   Data           4  main.o(.data)
    SystemCoreClock                          0x200000d8   Data           4  system_stm32f4xx.o(.data)
    AHBPrescTable                            0x200000dc   Data          16  system_stm32f4xx.o(.data)
    __stdout                                 0x200000f4   Data           4  usart.o(.data)
    i                                        0x20000124   Data           4  blue_teeth.o(.data)
    card_pydebuf                             0x20000130   Data           2  rfid.o(.data)
    card_key0Abuf                            0x20000132   Data           6  rfid.o(.data)
    card_numberbuf                           0x20000138   Data           6  rfid.o(.data)
    OSCfg_IdleTaskStk                        0x20000154   Data         256  os_cfg_app.o(.bss)
    OSCfg_ISRStk                             0x20000254   Data         400  os_cfg_app.o(.bss)
    OSCfg_MsgPool                            0x200003e4   Data        1600  os_cfg_app.o(.bss)
    OSCfg_StatTaskStk                        0x20000a24   Data         400  os_cfg_app.o(.bss)
    OSCfg_TickTaskStk                        0x20000bb4   Data         400  os_cfg_app.o(.bss)
    OSCfg_TmrTaskStk                         0x20000d44   Data         400  os_cfg_app.o(.bss)
    OSIdleTaskTCB                            0x20000ed4   Data         192  os_var.o(.bss)
    OSMsgPool                                0x20000f94   Data          12  os_var.o(.bss)
    OSRdyList                                0x20000fa0   Data         768  os_var.o(.bss)
    OSStatTaskTCB                            0x200012a0   Data         192  os_var.o(.bss)
    OSTickTaskTCB                            0x20001360   Data         192  os_var.o(.bss)
    OSTmrMutex                               0x20001420   Data          48  os_var.o(.bss)
    OSTmrTaskTCB                             0x20001450   Data         192  os_var.o(.bss)
    app_task_tcb_init                        0x20001574   Data         192  main.o(.bss)
    app_task_stk_init                        0x20001634   Data        2048  main.o(.bss)
    app_task_tcb_beep                        0x20001e34   Data         192  main.o(.bss)
    app_task_stk_beep                        0x20001ef4   Data        2048  main.o(.bss)
    app_task_tcb_rtc                         0x200026f4   Data         192  main.o(.bss)
    app_task_stk_rtc                         0x200027b4   Data        2048  main.o(.bss)
    app_task_tcb_dht11                       0x20002fb4   Data         192  main.o(.bss)
    app_task_stk_dht11                       0x20003074   Data        2048  main.o(.bss)
    app_task_tcb_ir                          0x20003874   Data         192  main.o(.bss)
    app_task_stk_ir                          0x20003934   Data        2048  main.o(.bss)
    app_task_tcb_usart1                      0x20004134   Data         192  main.o(.bss)
    app_task_stk_usart1                      0x200041f4   Data        2048  main.o(.bss)
    app_task_tcb_usart2                      0x200049f4   Data         192  main.o(.bss)
    app_task_stk_usart2                      0x20004ab4   Data        2048  main.o(.bss)
    app_task_tcb_blueteeth                   0x200052b4   Data         192  main.o(.bss)
    app_task_stk_blueteeth                   0x20005374   Data        2048  main.o(.bss)
    app_task_tcb_gsm                         0x20005b74   Data         192  main.o(.bss)
    app_task_stk_gsm                         0x20005c34   Data        2048  main.o(.bss)
    app_task_tcb_fire                        0x20006434   Data         192  main.o(.bss)
    app_task_stk_fire                        0x200064f4   Data        2048  main.o(.bss)
    app_task_tcb_smoke                       0x20006cf4   Data         192  main.o(.bss)
    app_task_stk_smoke                       0x20006db4   Data        2048  main.o(.bss)
    app_task_tcb_rfid                        0x200075b4   Data         192  main.o(.bss)
    app_task_stk_rfid                        0x20007674   Data        2048  main.o(.bss)
    app_task_tcb_keyboard                    0x20007e74   Data         192  main.o(.bss)
    app_task_stk_keyboard                    0x20007f34   Data        2048  main.o(.bss)
    app_task_tcb_send                        0x20008734   Data         192  main.o(.bss)
    app_task_stk_send                        0x200087f4   Data        2048  main.o(.bss)
    app_task_tcb_num                         0x20008ff4   Data         192  main.o(.bss)
    app_task_stk_num                         0x200090b4   Data        2048  main.o(.bss)
    g_flag_grp                               0x200098b4   Data          40  main.o(.bss)
    g_mutex_printf                           0x200098dc   Data          48  main.o(.bss)
    g_mutex_oled                             0x2000990c   Data          48  main.o(.bss)
    g_queue_usart1                           0x2000993c   Data          48  main.o(.bss)
    g_queue_usart2                           0x2000996c   Data          48  main.o(.bss)
    g_queue_ir                               0x2000999c   Data          48  main.o(.bss)
    g_queue_beep                             0x200099cc   Data          48  main.o(.bss)
    g_queue_blueteeth                        0x200099fc   Data          48  main.o(.bss)
    g_queue_rfid                             0x20009a2c   Data          48  main.o(.bss)
    g_queue_gsm                              0x20009a5c   Data          48  main.o(.bss)
    g_queue_keyboard                         0x20009a8c   Data          48  main.o(.bss)
    g_queue_dht11                            0x20009abc   Data          48  main.o(.bss)
    g_queue_send                             0x20009aec   Data          48  main.o(.bss)
    g_sem_beep                               0x20009b1c   Data          40  main.o(.bss)
    g_tmr_wdt                                0x20009b44   Data          48  main.o(.bss)
    buf                                      0x20009bf4   Data          64  blue_teeth.o(.bss)
    card_readbuf                             0x20009c46   Data          18  rfid.o(.bss)
    __libspace_start                         0x20009c58   Data          96  libspace.o(.bss)
    __temporary_stack_top$libspace           0x20009cb8   Data           0  libspace.o(.bss)



==============================================================================

Memory Map of the image

  Image Entry point : 0x08000349

  Load Region LR_1 (Base: 0x08000000, Size: 0x0000c15c, Max: 0xffffffff, ABSOLUTE, COMPRESSED[0x0000c024])

    Execution Region ER_RO (Base: 0x08000000, Size: 0x0000c008, Max: 0xffffffff, ABSOLUTE)

    Base Addr    Size         Type   Attr      Idx    E Section Name        Object

    0x08000000   0x00000188   Data   RO         2202    RESET               startup_stm32f40_41xxx.o
    0x08000188   0x00000008   Code   RO         6155  * !!!main             c_w.l(__main.o)
    0x08000190   0x00000034   Code   RO         6444    !!!scatter          c_w.l(__scatter.o)
    0x080001c4   0x0000005a   Code   RO         6442    !!dczerorl2         c_w.l(__dczerorl2.o)
    0x0800021e   0x00000002   PAD
    0x08000220   0x0000001c   Code   RO         6446    !!handler_zi        c_w.l(__scatter_zi.o)
    0x0800023c   0x00000000   Code   RO         6129    .ARM.Collect$$_printf_percent$$00000000  c_w.l(_printf_percent.o)
    0x0800023c   0x00000006   Code   RO         6195    .ARM.Collect$$_printf_percent$$00000001  c_w.l(_printf_n.o)
    0x08000242   0x00000006   Code   RO         6196    .ARM.Collect$$_printf_percent$$00000002  c_w.l(_printf_p.o)
    0x08000248   0x00000006   Code   RO         6200    .ARM.Collect$$_printf_percent$$00000003  c_w.l(_printf_f.o)
    0x0800024e   0x00000006   Code   RO         6201    .ARM.Collect$$_printf_percent$$00000004  c_w.l(_printf_e.o)
    0x08000254   0x00000006   Code   RO         6202    .ARM.Collect$$_printf_percent$$00000005  c_w.l(_printf_g.o)
    0x0800025a   0x00000006   Code   RO         6203    .ARM.Collect$$_printf_percent$$00000006  c_w.l(_printf_a.o)
    0x08000260   0x0000000a   Code   RO         6208    .ARM.Collect$$_printf_percent$$00000007  c_w.l(_printf_ll.o)
    0x0800026a   0x00000006   Code   RO         6198    .ARM.Collect$$_printf_percent$$00000008  c_w.l(_printf_i.o)
    0x08000270   0x00000006   Code   RO         6128    .ARM.Collect$$_printf_percent$$00000009  c_w.l(_printf_d.o)
    0x08000276   0x00000006   Code   RO         6199    .ARM.Collect$$_printf_percent$$0000000A  c_w.l(_printf_u.o)
    0x0800027c   0x00000006   Code   RO         6197    .ARM.Collect$$_printf_percent$$0000000B  c_w.l(_printf_o.o)
    0x08000282   0x00000006   Code   RO         6127    .ARM.Collect$$_printf_percent$$0000000C  c_w.l(_printf_x.o)
    0x08000288   0x00000006   Code   RO         6205    .ARM.Collect$$_printf_percent$$0000000D  c_w.l(_printf_lli.o)
    0x0800028e   0x00000006   Code   RO         6206    .ARM.Collect$$_printf_percent$$0000000E  c_w.l(_printf_lld.o)
    0x08000294   0x00000006   Code   RO         6207    .ARM.Collect$$_printf_percent$$0000000F  c_w.l(_printf_llu.o)
    0x0800029a   0x00000006   Code   RO         6212    .ARM.Collect$$_printf_percent$$00000010  c_w.l(_printf_llo.o)
    0x080002a0   0x00000006   Code   RO         6213    .ARM.Collect$$_printf_percent$$00000011  c_w.l(_printf_llx.o)
    0x080002a6   0x0000000a   Code   RO         6209    .ARM.Collect$$_printf_percent$$00000012  c_w.l(_printf_l.o)
    0x080002b0   0x00000006   Code   RO         6194    .ARM.Collect$$_printf_percent$$00000013  c_w.l(_printf_c.o)
    0x080002b6   0x00000006   Code   RO         6126    .ARM.Collect$$_printf_percent$$00000014  c_w.l(_printf_s.o)
    0x080002bc   0x00000006   Code   RO         6210    .ARM.Collect$$_printf_percent$$00000015  c_w.l(_printf_lc.o)
    0x080002c2   0x00000006   Code   RO         6211    .ARM.Collect$$_printf_percent$$00000016  c_w.l(_printf_ls.o)
    0x080002c8   0x00000004   Code   RO         6204    .ARM.Collect$$_printf_percent$$00000017  c_w.l(_printf_percent_end.o)
    0x080002cc   0x00000002   Code   RO         6315    .ARM.Collect$$libinit$$00000000  c_w.l(libinit.o)
    0x080002ce   0x00000004   Code   RO         6329    .ARM.Collect$$libinit$$00000001  c_w.l(libinit2.o)
    0x080002d2   0x00000000   Code   RO         6332    .ARM.Collect$$libinit$$00000004  c_w.l(libinit2.o)
    0x080002d2   0x00000000   Code   RO         6335    .ARM.Collect$$libinit$$0000000A  c_w.l(libinit2.o)
    0x080002d2   0x00000000   Code   RO         6337    .ARM.Collect$$libinit$$0000000C  c_w.l(libinit2.o)
    0x080002d2   0x00000000   Code   RO         6339    .ARM.Collect$$libinit$$0000000E  c_w.l(libinit2.o)
    0x080002d2   0x00000006   Code   RO         6340    .ARM.Collect$$libinit$$0000000F  c_w.l(libinit2.o)
    0x080002d8   0x00000000   Code   RO         6342    .ARM.Collect$$libinit$$00000011  c_w.l(libinit2.o)
    0x080002d8   0x0000000c   Code   RO         6343    .ARM.Collect$$libinit$$00000012  c_w.l(libinit2.o)
    0x080002e4   0x00000000   Code   RO         6344    .ARM.Collect$$libinit$$00000013  c_w.l(libinit2.o)
    0x080002e4   0x00000000   Code   RO         6346    .ARM.Collect$$libinit$$00000015  c_w.l(libinit2.o)
    0x080002e4   0x0000000a   Code   RO         6347    .ARM.Collect$$libinit$$00000016  c_w.l(libinit2.o)
    0x080002ee   0x00000000   Code   RO         6348    .ARM.Collect$$libinit$$00000017  c_w.l(libinit2.o)
    0x080002ee   0x00000000   Code   RO         6350    .ARM.Collect$$libinit$$00000019  c_w.l(libinit2.o)
    0x080002ee   0x00000000   Code   RO         6352    .ARM.Collect$$libinit$$0000001B  c_w.l(libinit2.o)
    0x080002ee   0x00000000   Code   RO         6354    .ARM.Collect$$libinit$$0000001D  c_w.l(libinit2.o)
    0x080002ee   0x00000000   Code   RO         6356    .ARM.Collect$$libinit$$0000001F  c_w.l(libinit2.o)
    0x080002ee   0x00000000   Code   RO         6358    .ARM.Collect$$libinit$$00000021  c_w.l(libinit2.o)
    0x080002ee   0x00000000   Code   RO         6360    .ARM.Collect$$libinit$$00000023  c_w.l(libinit2.o)
    0x080002ee   0x00000000   Code   RO         6362    .ARM.Collect$$libinit$$00000025  c_w.l(libinit2.o)
    0x080002ee   0x00000000   Code   RO         6366    .ARM.Collect$$libinit$$0000002C  c_w.l(libinit2.o)
    0x080002ee   0x00000000   Code   RO         6368    .ARM.Collect$$libinit$$0000002E  c_w.l(libinit2.o)
    0x080002ee   0x00000000   Code   RO         6370    .ARM.Collect$$libinit$$00000030  c_w.l(libinit2.o)
    0x080002ee   0x00000000   Code   RO         6372    .ARM.Collect$$libinit$$00000032  c_w.l(libinit2.o)
    0x080002ee   0x00000002   Code   RO         6373    .ARM.Collect$$libinit$$00000033  c_w.l(libinit2.o)
    0x080002f0   0x00000002   Code   RO         6399    .ARM.Collect$$libshutdown$$00000000  c_w.l(libshutdown.o)
    0x080002f2   0x00000000   Code   RO         6427    .ARM.Collect$$libshutdown$$00000003  c_w.l(libshutdown2.o)
    0x080002f2   0x00000000   Code   RO         6430    .ARM.Collect$$libshutdown$$00000006  c_w.l(libshutdown2.o)
    0x080002f2   0x00000000   Code   RO         6433    .ARM.Collect$$libshutdown$$00000009  c_w.l(libshutdown2.o)
    0x080002f2   0x00000000   Code   RO         6435    .ARM.Collect$$libshutdown$$0000000B  c_w.l(libshutdown2.o)
    0x080002f2   0x00000000   Code   RO         6438    .ARM.Collect$$libshutdown$$0000000E  c_w.l(libshutdown2.o)
    0x080002f2   0x00000002   Code   RO         6439    .ARM.Collect$$libshutdown$$0000000F  c_w.l(libshutdown2.o)
    0x080002f4   0x00000000   Code   RO         6159    .ARM.Collect$$rtentry$$00000000  c_w.l(__rtentry.o)
    0x080002f4   0x00000000   Code   RO         6224    .ARM.Collect$$rtentry$$00000002  c_w.l(__rtentry2.o)
    0x080002f4   0x00000006   Code   RO         6236    .ARM.Collect$$rtentry$$00000004  c_w.l(__rtentry4.o)
    0x080002fa   0x00000000   Code   RO         6226    .ARM.Collect$$rtentry$$00000009  c_w.l(__rtentry2.o)
    0x080002fa   0x00000004   Code   RO         6227    .ARM.Collect$$rtentry$$0000000A  c_w.l(__rtentry2.o)
    0x080002fe   0x00000000   Code   RO         6229    .ARM.Collect$$rtentry$$0000000C  c_w.l(__rtentry2.o)
    0x080002fe   0x00000008   Code   RO         6230    .ARM.Collect$$rtentry$$0000000D  c_w.l(__rtentry2.o)
    0x08000306   0x00000002   Code   RO         6321    .ARM.Collect$$rtexit$$00000000  c_w.l(rtexit.o)
    0x08000308   0x00000000   Code   RO         6375    .ARM.Collect$$rtexit$$00000002  c_w.l(rtexit2.o)
    0x08000308   0x00000004   Code   RO         6376    .ARM.Collect$$rtexit$$00000003  c_w.l(rtexit2.o)
    0x0800030c   0x00000006   Code   RO         6377    .ARM.Collect$$rtexit$$00000004  c_w.l(rtexit2.o)
    0x08000312   0x00000002   PAD
    0x08000314   0x00000034   Code   RO          416    .text               cpu_a.o
    0x08000348   0x00000068   Code   RO         2203  * .text               startup_stm32f40_41xxx.o
    0x080003b0   0x00000002   Code   RO         6063    .text               c_w.l(use_no_semi_2.o)
    0x080003b2   0x00000002   PAD
    0x080003b4   0x0000000c   Code   RO         6067    .text               c_w.l(c89vprintf.o)
    0x080003c0   0x00000018   Code   RO         6069    .text               c_w.l(__2printf.o)
    0x080003d8   0x0000002c   Code   RO         6071    .text               c_w.l(__2sprintf.o)
    0x08000404   0x0000004e   Code   RO         6079    .text               c_w.l(_printf_pad.o)
    0x08000452   0x00000052   Code   RO         6081    .text               c_w.l(_printf_str.o)
    0x080004a4   0x00000078   Code   RO         6083    .text               c_w.l(_printf_dec.o)
    0x0800051c   0x00000094   Code   RO         6103    .text               c_w.l(_printf_hex_int_ll_ptr.o)
    0x080005b0   0x00000188   Code   RO         6123    .text               c_w.l(__printf_flags_ss_wp.o)
    0x08000738   0x0000001a   Code   RO         6130    .text               c_w.l(atoi.o)
    0x08000752   0x00000002   PAD
    0x08000754   0x0000000c   Code   RO         6132    .text               c_w.l(strtok.o)
    0x08000760   0x00000024   Code   RO         6135    .text               c_w.l(strstr.o)
    0x08000784   0x0000003e   Code   RO         6137    .text               c_w.l(strlen.o)
    0x080007c2   0x00000096   Code   RO         6139    .text               c_w.l(strncmp.o)
    0x08000858   0x00000018   Code   RO         6141    .text               c_w.l(strcat.o)
    0x08000870   0x0000008a   Code   RO         6143    .text               c_w.l(rt_memcpy_v6.o)
    0x080008fa   0x00000064   Code   RO         6145    .text               c_w.l(rt_memcpy_w.o)
    0x0800095e   0x00000044   Code   RO         6147    .text               c_w.l(rt_memclr.o)
    0x080009a2   0x0000004e   Code   RO         6149    .text               c_w.l(rt_memclr_w.o)
    0x080009f0   0x00000080   Code   RO         6151    .text               c_w.l(strcmpv7m.o)
    0x08000a70   0x00000006   Code   RO         6153    .text               c_w.l(heapauxi.o)
    0x08000a76   0x00000002   Code   RO         6157    .text               c_w.l(use_no_semi.o)
    0x08000a78   0x00000008   Code   RO         6167    .text               c_w.l(rt_errno_addr_intlibspace.o)
    0x08000a80   0x00000024   Code   RO         6169    .text               c_w.l(_printf_truncate.o)
    0x08000aa4   0x000000b2   Code   RO         6171    .text               c_w.l(_printf_intcommon.o)
    0x08000b56   0x00000028   Code   RO         6173    .text               c_w.l(_printf_charcount.o)
    0x08000b7e   0x00000002   PAD
    0x08000b80   0x00000030   Code   RO         6175    .text               c_w.l(_printf_char_common.o)
    0x08000bb0   0x0000000a   Code   RO         6177    .text               c_w.l(_sputc.o)
    0x08000bba   0x0000002c   Code   RO         6179    .text               c_w.l(_printf_char.o)
    0x08000be6   0x00000002   PAD
    0x08000be8   0x00000024   Code   RO         6181    .text               c_w.l(_printf_char_file.o)
    0x08000c0c   0x000000bc   Code   RO         6183    .text               c_w.l(_printf_wctomb.o)
    0x08000cc8   0x0000007c   Code   RO         6186    .text               c_w.l(_printf_longlong_dec.o)
    0x08000d44   0x00000070   Code   RO         6192    .text               c_w.l(_printf_oct_int_ll.o)
    0x08000db4   0x00000070   Code   RO         6214    .text               c_w.l(strtol.o)
    0x08000e24   0x00000044   Code   RO         6216    .text               c_w.l(strtok_int.o)
    0x08000e68   0x00000008   Code   RO         6220    .text               c_w.l(libspace.o)
    0x08000e70   0x00000010   Code   RO         6238    .text               c_w.l(rt_ctype_table.o)
    0x08000e80   0x0000008a   Code   RO         6242    .text               c_w.l(lludiv10.o)
    0x08000f0a   0x0000041a   Code   RO         6244    .text               c_w.l(_printf_fp_dec.o)
    0x08001324   0x0000002c   Code   RO         6248    .text               c_w.l(_printf_wchar.o)
    0x08001350   0x0000009e   Code   RO         6250    .text               c_w.l(_strtoul.o)
    0x080013ee   0x00000008   Code   RO         6252    .text               c_w.l(ferror.o)
    0x080013f6   0x00000040   Code   RO         6256    .text               c_w.l(_wcrtomb.o)
    0x08001436   0x00000020   Code   RO         6258    .text               c_w.l(strcspn.o)
    0x08001456   0x0000001c   Code   RO         6260    .text               c_w.l(strspn.o)
    0x08001472   0x0000004a   Code   RO         6262    .text               c_w.l(sys_stackheap_outer.o)
    0x080014bc   0x00000008   Code   RO         6267    .text               c_w.l(rt_locale_intlibspace.o)
    0x080014c4   0x00000080   Code   RO         6269    .text               c_w.l(_printf_fp_infnan.o)
    0x08001544   0x0000001c   Code   RO         6271    .text               c_w.l(_chval.o)
    0x08001560   0x000000dc   Code   RO         6273    .text               c_w.l(bigflt0.o)
    0x0800163c   0x0000000c   Code   RO         6304    .text               c_w.l(exit.o)
    0x08001648   0x0000003e   Code   RO         6276    CL$$btod_d2e        c_w.l(btod.o)
    0x08001686   0x00000046   Code   RO         6278    CL$$btod_d2e_denorm_low  c_w.l(btod.o)
    0x080016cc   0x00000060   Code   RO         6277    CL$$btod_d2e_norm_op1  c_w.l(btod.o)
    0x0800172c   0x00000338   Code   RO         6286    CL$$btod_div_common  c_w.l(btod.o)
    0x08001a64   0x000000c6   Code   RO         6283    CL$$btod_e2e        c_w.l(btod.o)
    0x08001b2a   0x00000028   Code   RO         6280    CL$$btod_ediv       c_w.l(btod.o)
    0x08001b52   0x00000028   Code   RO         6279    CL$$btod_emul       c_w.l(btod.o)
    0x08001b7a   0x00000244   Code   RO         6285    CL$$btod_mult_common  c_w.l(btod.o)
    0x08001dbe   0x00000002   PAD
    0x08001dc0   0x0000010c   Code   RO         2112    CODE                os_cpu_a.o
    0x08001ecc   0x00000006   Code   RO         3436    i.ADC_ClearFlag     stm32f4xx_adc.o
    0x08001ed2   0x00000014   Code   RO         3438    i.ADC_Cmd           stm32f4xx_adc.o
    0x08001ee6   0x00000002   PAD
    0x08001ee8   0x0000002c   Code   RO         3439    i.ADC_CommonInit    stm32f4xx_adc.o
    0x08001f14   0x00000006   Code   RO         3450    i.ADC_GetConversionValue  stm32f4xx_adc.o
    0x08001f1a   0x0000000e   Code   RO         3451    i.ADC_GetFlagStatus  stm32f4xx_adc.o
    0x08001f28   0x0000004c   Code   RO         3458    i.ADC_Init          stm32f4xx_adc.o
    0x08001f74   0x00000074   Code   RO         3463    i.ADC_RegularChannelConfig  stm32f4xx_adc.o
    0x08001fe8   0x0000000a   Code   RO         3465    i.ADC_SoftwareStartConv  stm32f4xx_adc.o
    0x08001ff2   0x0000001a   Code   RO         3163    i.AntennaOn         mfrc522.o
    0x0800200c   0x00000040   Code   RO         2706    i.BEEP_Init         beep.o
    0x0800204c   0x00000002   Code   RO         2438    i.BusFault_Handler  stm32f4xx_it.o
    0x0800204e   0x00000002   PAD
    0x08002050   0x0000000c   Code   RO          121    i.CPU_TS_TmrRd      bsp.o
    0x0800205c   0x00000070   Code   RO         3164    i.CalulateCRC       mfrc522.o
    0x080020cc   0x00000018   Code   RO         3165    i.ClearBitMask      mfrc522.o
    0x080020e4   0x00000002   Code   RO         2439    i.DebugMon_Handler  stm32f4xx_it.o
    0x080020e6   0x00000002   PAD
    0x080020e8   0x0000007c   Code   RO         2759    i.EXTI9_5_IRQHandler  ir.o
    0x08002164   0x0000000c   Code   RO         3675    i.EXTI_ClearITPendingBit  stm32f4xx_exti.o
    0x08002170   0x00000014   Code   RO         3679    i.EXTI_GetITStatus  stm32f4xx_exti.o
    0x08002184   0x00000070   Code   RO         3680    i.EXTI_Init         stm32f4xx_exti.o
    0x080021f4   0x0000000c   Code   RO         5780    i.FLASH_ClearFlag   stm32f4xx_flash.o
    0x08002200   0x0000006c   Code   RO         5786    i.FLASH_EraseSector  stm32f4xx_flash.o
    0x0800226c   0x0000003c   Code   RO         5788    i.FLASH_GetStatus   stm32f4xx_flash.o
    0x080022a8   0x00000010   Code   RO         5792    i.FLASH_Lock        stm32f4xx_flash.o
    0x080022b8   0x0000003c   Code   RO         5816    i.FLASH_ProgramWord  stm32f4xx_flash.o
    0x080022f4   0x00000024   Code   RO         5818    i.FLASH_Unlock      stm32f4xx_flash.o
    0x08002318   0x0000001e   Code   RO         5819    i.FLASH_WaitForLastOperation  stm32f4xx_flash.o
    0x08002336   0x00000078   Code   RO         3868    i.GPIO_Init         stm32f4xx_gpio.o
    0x080023ae   0x00000020   Code   RO         3869    i.GPIO_PinAFConfig  stm32f4xx_gpio.o
    0x080023ce   0x00000002   PAD
    0x080023d0   0x0000007c   Code   RO         2440    i.HardFault_Handler  stm32f4xx_it.o
    0x0800244c   0x00000010   Code   RO         3967    i.IWDG_ReloadCounter  stm32f4xx_iwdg.o
    0x0800245c   0x0000008c   Code   RO         3307    i.MFRC522Test       rfid.o
    0x080024e8   0x0000005c   Code   RO         3167    i.MFRC522_Anticoll  mfrc522.o
    0x08002544   0x00000052   Code   RO         3168    i.MFRC522_Auth      mfrc522.o
    0x08002596   0x0000004a   Code   RO         3170    i.MFRC522_Initializtion  mfrc522.o
    0x080025e0   0x00000032   Code   RO         3171    i.MFRC522_Read      mfrc522.o
    0x08002612   0x0000002e   Code   RO         3172    i.MFRC522_Request   mfrc522.o
    0x08002640   0x00000038   Code   RO         3173    i.MFRC522_Reset     mfrc522.o
    0x08002678   0x0000006a   Code   RO         3174    i.MFRC522_SelectTag  mfrc522.o
    0x080026e2   0x0000011a   Code   RO         3175    i.MFRC522_ToCard    mfrc522.o
    0x080027fc   0x00000002   Code   RO         2441    i.MemManage_Handler  stm32f4xx_it.o
    0x080027fe   0x00000002   Code   RO         2442    i.NMI_Handler       stm32f4xx_it.o
    0x08002800   0x00000016   Code   RO         2209    i.NVIC_DisableIRQ   main.o
    0x08002816   0x00000016   Code   RO         2210    i.NVIC_EnableIRQ    main.o
    0x0800282c   0x00000064   Code   RO         3388    i.NVIC_Init         misc.o
    0x08002890   0x00000014   Code   RO         3389    i.NVIC_PriorityGroupConfig  misc.o
    0x080028a4   0x0000003a   Code   RO         2867    i.OLED_Clear        oled.o
    0x080028de   0x00000040   Code   RO         2871    i.OLED_DrawBMP      oled.o
    0x0800291e   0x00000002   PAD
    0x08002920   0x00000110   Code   RO         2872    i.OLED_Init         oled.o
    0x08002a30   0x0000002a   Code   RO         2874    i.OLED_Set_Pos      oled.o
    0x08002a5a   0x00000002   PAD
    0x08002a5c   0x00000088   Code   RO         2876    i.OLED_ShowChar     oled.o
    0x08002ae4   0x00000036   Code   RO         2878    i.OLED_ShowString   oled.o
    0x08002b1a   0x0000000c   Code   RO         2879    i.OLED_WR_Byte      oled.o
    0x08002b26   0x00000002   Code   RO          936    i.OSCfg_Init        os_cfg_app.o
    0x08002b28   0x00000054   Code   RO         1225    i.OSFlagCreate      os_flag.o
    0x08002b7c   0x00000204   Code   RO         1227    i.OSFlagPend        os_flag.o
    0x08002d80   0x00000058   Code   RO         1230    i.OSFlagPost        os_flag.o
    0x08002dd8   0x00000010   Code   RO         2115    i.OSIdleTaskHook    os_cpu_c.o
    0x08002de8   0x00000158   Code   RO         1000    i.OSInit            os_core.o
    0x08002f40   0x00000024   Code   RO         2116    i.OSInitHook        os_cpu_c.o
    0x08002f64   0x00000020   Code   RO         1001    i.OSIntEnter        os_core.o
    0x08002f84   0x00000084   Code   RO         1002    i.OSIntExit         os_core.o
    0x08003008   0x00000058   Code   RO         1386    i.OSMutexCreate     os_mutex.o
    0x08003060   0x00000148   Code   RO         1388    i.OSMutexPend       os_mutex.o
    0x080031a8   0x00000130   Code   RO         1390    i.OSMutexPost       os_mutex.o
    0x080032d8   0x00000060   Code   RO         1510    i.OSQCreate         os_q.o
    0x08003338   0x00000140   Code   RO         1513    i.OSQPend           os_q.o
    0x08003478   0x00000078   Code   RO         1515    i.OSQPost           os_q.o
    0x080034f0   0x0000007c   Code   RO         1003    i.OSSched           os_core.o
    0x0800356c   0x00000044   Code   RO         1004    i.OSSchedLock       os_core.o
    0x080035b0   0x00000058   Code   RO         1005    i.OSSchedUnlock     os_core.o
    0x08003608   0x00000054   Code   RO         1582    i.OSSemCreate       os_sem.o
    0x0800365c   0x00000054   Code   RO         1586    i.OSSemPost         os_sem.o
    0x080036b0   0x00000058   Code   RO         1006    i.OSStart           os_core.o
    0x08003708   0x000000b0   Code   RO         1654    i.OSStatReset       os_stat.o
    0x080037b8   0x00000010   Code   RO         2117    i.OSStatTaskHook    os_cpu_c.o
    0x080037c8   0x00000144   Code   RO         1685    i.OSTaskCreate      os_task.o
    0x0800390c   0x00000010   Code   RO         2118    i.OSTaskCreateHook  os_cpu_c.o
    0x0800391c   0x00000124   Code   RO         1686    i.OSTaskDel         os_task.o
    0x08003a40   0x00000010   Code   RO         2119    i.OSTaskDelHook     os_cpu_c.o
    0x08003a50   0x00000034   Code   RO         1694    i.OSTaskResume      os_task.o
    0x08003a84   0x00000010   Code   RO         2120    i.OSTaskReturnHook  os_cpu_c.o
    0x08003a94   0x00000110   Code   RO         1695    i.OSTaskSemPend     os_task.o
    0x08003ba4   0x0000002e   Code   RO         1697    i.OSTaskSemPost     os_task.o
    0x08003bd2   0x00000002   PAD
    0x08003bd4   0x00000084   Code   RO         1699    i.OSTaskStkChk      os_task.o
    0x08003c58   0x000001a4   Code   RO         2121    i.OSTaskStkInit     os_cpu_c.o
    0x08003dfc   0x00000018   Code   RO         1700    i.OSTaskSuspend     os_task.o
    0x08003e14   0x00000078   Code   RO         2122    i.OSTaskSwHook      os_cpu_c.o
    0x08003e8c   0x00000078   Code   RO         1904    i.OSTimeDly         os_time.o
    0x08003f04   0x0000003c   Code   RO         1909    i.OSTimeTick        os_time.o
    0x08003f40   0x00000010   Code   RO         2123    i.OSTimeTickHook    os_cpu_c.o
    0x08003f50   0x00000088   Code   RO         1946    i.OSTmrCreate       os_tmr.o
    0x08003fd8   0x0000009c   Code   RO         1949    i.OSTmrStart        os_tmr.o
    0x08004074   0x00000024   Code   RO         2124    i.OS_CPU_SysTickHandler  os_cpu_c.o
    0x08004098   0x00000002   Code   RO         1208    i.OS_Dbg_Init       os_dbg.o
    0x0800409a   0x00000002   PAD
    0x0800409c   0x00000020   Code   RO         1231    i.OS_FlagBlock      os_flag.o
    0x080040bc   0x00000024   Code   RO         1233    i.OS_FlagDbgListAdd  os_flag.o
    0x080040e0   0x00000018   Code   RO         1235    i.OS_FlagInit       os_flag.o
    0x080040f8   0x000000e8   Code   RO         1236    i.OS_FlagPost       os_flag.o
    0x080041e0   0x0000004e   Code   RO         1237    i.OS_FlagTaskRdy    os_flag.o
    0x0800422e   0x00000002   PAD
    0x08004230   0x00000028   Code   RO         1008    i.OS_IdleTask       os_core.o
    0x08004258   0x00000068   Code   RO         1009    i.OS_IdleTaskInit   os_core.o
    0x080042c0   0x00000018   Code   RO         1318    i.OS_MemInit        os_mem.o
    0x080042d8   0x0000006c   Code   RO         1350    i.OS_MsgPoolInit    os_msg.o
    0x08004344   0x00000034   Code   RO         1351    i.OS_MsgQFreeAll    os_msg.o
    0x08004378   0x00000058   Code   RO         1352    i.OS_MsgQGet        os_msg.o
    0x080043d0   0x0000000e   Code   RO         1353    i.OS_MsgQInit       os_msg.o
    0x080043de   0x00000002   PAD
    0x080043e0   0x00000088   Code   RO         1354    i.OS_MsgQPut        os_msg.o
    0x08004468   0x00000024   Code   RO         1392    i.OS_MutexDbgListAdd  os_mutex.o
    0x0800448c   0x00000052   Code   RO         1395    i.OS_MutexGrpPostAll  os_mutex.o
    0x080044de   0x00000022   Code   RO         1396    i.OS_MutexGrpPrioFindHighest  os_mutex.o
    0x08004500   0x00000014   Code   RO         1397    i.OS_MutexGrpRemove  os_mutex.o
    0x08004514   0x00000018   Code   RO         1398    i.OS_MutexInit      os_mutex.o
    0x0800452c   0x00000050   Code   RO         1010    i.OS_Pend           os_core.o
    0x0800457c   0x00000032   Code   RO         1013    i.OS_PendDataInit   os_core.o
    0x080045ae   0x00000002   PAD
    0x080045b0   0x00000048   Code   RO         1014    i.OS_PendDbgNameAdd  os_core.o
    0x080045f8   0x0000001c   Code   RO         1015    i.OS_PendDbgNameRemove  os_core.o
    0x08004614   0x00000030   Code   RO         1016    i.OS_PendListChangePrio  os_core.o
    0x08004644   0x0000000a   Code   RO         1017    i.OS_PendListInit   os_core.o
    0x0800464e   0x0000005a   Code   RO         1019    i.OS_PendListInsertPrio  os_core.o
    0x080046a8   0x0000002a   Code   RO         1020    i.OS_PendListRemove  os_core.o
    0x080046d2   0x00000036   Code   RO         1021    i.OS_PendListRemove1  os_core.o
    0x08004708   0x000000b2   Code   RO         1024    i.OS_Post           os_core.o
    0x080047ba   0x00000028   Code   RO         1025    i.OS_Post1          os_core.o
    0x080047e2   0x00000002   PAD
    0x080047e4   0x00000024   Code   RO         1473    i.OS_PrioGetHighest  os_prio.o
    0x08004808   0x00000018   Code   RO         1474    i.OS_PrioInit       os_prio.o
    0x08004820   0x00000020   Code   RO         1475    i.OS_PrioInsert     os_prio.o
    0x08004840   0x00000020   Code   RO         1476    i.OS_PrioRemove     os_prio.o
    0x08004860   0x00000024   Code   RO         1517    i.OS_QDbgListAdd    os_q.o
    0x08004884   0x00000018   Code   RO         1519    i.OS_QInit          os_q.o
    0x0800489c   0x00000082   Code   RO         1520    i.OS_QPost          os_q.o
    0x0800491e   0x00000002   PAD
    0x08004920   0x00000024   Code   RO         1026    i.OS_RdyListInit    os_core.o
    0x08004944   0x00000030   Code   RO         1027    i.OS_RdyListInsert  os_core.o
    0x08004974   0x00000038   Code   RO         1028    i.OS_RdyListInsertHead  os_core.o
    0x080049ac   0x00000034   Code   RO         1029    i.OS_RdyListInsertTail  os_core.o
    0x080049e0   0x00000054   Code   RO         1031    i.OS_RdyListRemove  os_core.o
    0x08004a34   0x0000001c   Code   RO         1032    i.OS_SchedLockTimeMeasStart  os_core.o
    0x08004a50   0x0000003c   Code   RO         1033    i.OS_SchedLockTimeMeasStop  os_core.o
    0x08004a8c   0x00000024   Code   RO         1589    i.OS_SemDbgListAdd  os_sem.o
    0x08004ab0   0x00000018   Code   RO         1591    i.OS_SemInit        os_sem.o
    0x08004ac8   0x00000084   Code   RO         1592    i.OS_SemPost        os_sem.o
    0x08004b4c   0x000001f8   Code   RO         1656    i.OS_StatTask       os_stat.o
    0x08004d44   0x000000bc   Code   RO         1657    i.OS_StatTaskInit   os_stat.o
    0x08004e00   0x00000028   Code   RO         1034    i.OS_TaskBlock      os_core.o
    0x08004e28   0x000000b4   Code   RO         1701    i.OS_TaskChangePrio  os_task.o
    0x08004edc   0x00000024   Code   RO         1702    i.OS_TaskDbgListAdd  os_task.o
    0x08004f00   0x00000038   Code   RO         1703    i.OS_TaskDbgListRemove  os_task.o
    0x08004f38   0x00000020   Code   RO         1704    i.OS_TaskInit       os_task.o
    0x08004f58   0x000000bc   Code   RO         1705    i.OS_TaskInitTCB    os_task.o
    0x08005014   0x000000a8   Code   RO         1707    i.OS_TaskResume     os_task.o
    0x080050bc   0x00000018   Code   RO         1708    i.OS_TaskReturn     os_task.o
    0x080050d4   0x00000098   Code   RO         1709    i.OS_TaskSemPost    os_task.o
    0x0800516c   0x00000098   Code   RO         1710    i.OS_TaskSuspend    os_task.o
    0x08005204   0x0000005e   Code   RO         1852    i.OS_TickListInsert  os_tick.o
    0x08005262   0x00000002   PAD
    0x08005264   0x0000007c   Code   RO         1853    i.OS_TickListInsertDly  os_tick.o
    0x080052e0   0x00000040   Code   RO         1854    i.OS_TickListRemove  os_tick.o
    0x08005320   0x00000002   Code   RO         1855    i.OS_TickListResetPeak  os_tick.o
    0x08005322   0x00000002   PAD
    0x08005324   0x0000007c   Code   RO         1856    i.OS_TickListUpdateDly  os_tick.o
    0x080053a0   0x000000e4   Code   RO         1857    i.OS_TickListUpdateTimeout  os_tick.o
    0x08005484   0x00000048   Code   RO         1858    i.OS_TickTask       os_tick.o
    0x080054cc   0x000000b4   Code   RO         1859    i.OS_TickTaskInit   os_tick.o
    0x08005580   0x0000001c   Code   RO         1953    i.OS_TmrDbgListAdd  os_tmr.o
    0x0800559c   0x00000114   Code   RO         1955    i.OS_TmrInit        os_tmr.o
    0x080056b0   0x00000018   Code   RO         1956    i.OS_TmrLock        os_tmr.o
    0x080056c8   0x00000002   Code   RO         1957    i.OS_TmrResetPeak   os_tmr.o
    0x080056ca   0x00000002   PAD
    0x080056cc   0x00000098   Code   RO         1958    i.OS_TmrTask        os_tmr.o
    0x08005764   0x0000003c   Code   RO         1959    i.OS_TmrUnlink      os_tmr.o
    0x080057a0   0x00000014   Code   RO         1960    i.OS_TmrUnlock      os_tmr.o
    0x080057b4   0x0000000c   Code   RO         4015    i.PWR_BackupAccessCmd  stm32f4xx_pwr.o
    0x080057c0   0x00000018   Code   RO         4137    i.RCC_AHB1PeriphClockCmd  stm32f4xx_rcc.o
    0x080057d8   0x00000018   Code   RO         4146    i.RCC_APB1PeriphClockCmd  stm32f4xx_rcc.o
    0x080057f0   0x00000018   Code   RO         4149    i.RCC_APB2PeriphClockCmd  stm32f4xx_rcc.o
    0x08005808   0x00000090   Code   RO         4158    i.RCC_GetClocksFreq  stm32f4xx_rcc.o
    0x08005898   0x00000034   Code   RO         4159    i.RCC_GetFlagStatus  stm32f4xx_rcc.o
    0x080058cc   0x0000000c   Code   RO         4169    i.RCC_LSICmd        stm32f4xx_rcc.o
    0x080058d8   0x0000000c   Code   RO         4181    i.RCC_RTCCLKCmd     stm32f4xx_rcc.o
    0x080058e4   0x00000030   Code   RO         4182    i.RCC_RTCCLKConfig  stm32f4xx_rcc.o
    0x08005914   0x00000002   Code   RO         3021    i.RTC_Alarm_IRQHandler  rtc.o
    0x08005916   0x00000012   Code   RO         4474    i.RTC_Bcd2ToByte    stm32f4xx_rtc.o
    0x08005928   0x00000018   Code   RO         4476    i.RTC_ByteToBcd2    stm32f4xx_rtc.o
    0x08005940   0x0000001c   Code   RO         4479    i.RTC_ClearFlag     stm32f4xx_rtc.o
    0x0800595c   0x0000001c   Code   RO         4480    i.RTC_ClearITPendingBit  stm32f4xx_rtc.o
    0x08005978   0x0000003c   Code   RO         4486    i.RTC_EnterInitMode  stm32f4xx_rtc.o
    0x080059b4   0x00000010   Code   RO         4487    i.RTC_ExitInitMode  stm32f4xx_rtc.o
    0x080059c4   0x00000038   Code   RO         4492    i.RTC_GetITStatus   stm32f4xx_rtc.o
    0x080059fc   0x00000050   Code   RO         4495    i.RTC_GetTime       stm32f4xx_rtc.o
    0x08005a4c   0x00000040   Code   RO         4499    i.RTC_ITConfig      stm32f4xx_rtc.o
    0x08005a8c   0x00000050   Code   RO         4500    i.RTC_Init          stm32f4xx_rtc.o
    0x08005adc   0x00000098   Code   RO         4506    i.RTC_SetDate       stm32f4xx_rtc.o
    0x08005b74   0x000000a0   Code   RO         4507    i.RTC_SetTime       stm32f4xx_rtc.o
    0x08005c14   0x0000001c   Code   RO         4508    i.RTC_SetWakeUpCounter  stm32f4xx_rtc.o
    0x08005c30   0x00000038   Code   RO         3022    i.RTC_WKUP_IRQHandler  rtc.o
    0x08005c68   0x0000004c   Code   RO         4523    i.RTC_WaitForSynchro  stm32f4xx_rtc.o
    0x08005cb4   0x00000028   Code   RO         4524    i.RTC_WakeUpClockConfig  stm32f4xx_rtc.o
    0x08005cdc   0x00000058   Code   RO         4525    i.RTC_WakeUpCmd     stm32f4xx_rtc.o
    0x08005d34   0x0000002c   Code   RO         3177    i.Read_MFRC522      mfrc522.o
    0x08005d60   0x00000034   Code   RO         3178    i.SPI3_Receive      mfrc522.o
    0x08005d94   0x00000034   Code   RO         3179    i.SPI3_Send         mfrc522.o
    0x08005dc8   0x00000014   Code   RO         4831    i.SPI_Cmd           stm32f4xx_spi.o
    0x08005ddc   0x0000000e   Code   RO         4839    i.SPI_I2S_GetFlagStatus  stm32f4xx_spi.o
    0x08005dea   0x00000004   Code   RO         4842    i.SPI_I2S_ReceiveData  stm32f4xx_spi.o
    0x08005dee   0x00000004   Code   RO         4843    i.SPI_I2S_SendData  stm32f4xx_spi.o
    0x08005df2   0x00000038   Code   RO         4844    i.SPI_Init          stm32f4xx_spi.o
    0x08005e2a   0x00000002   PAD
    0x08005e2c   0x000000c8   Code   RO         3180    i.STM32_SPI3_Init   mfrc522.o
    0x08005ef4   0x00000002   Code   RO         2443    i.SVC_Handler       stm32f4xx_it.o
    0x08005ef6   0x00000002   PAD
    0x08005ef8   0x00000030   Code   RO         4992    i.SYSCFG_EXTILineConfig  stm32f4xx_syscfg.o
    0x08005f28   0x00000018   Code   RO         3181    i.SetBitMask        mfrc522.o
    0x08005f40   0x000000b4   Code   RO         2530    i.SetSysClock       system_stm32f4xx.o
    0x08005ff4   0x00000018   Code   RO         3392    i.SysTick_CLKSourceConfig  misc.o
    0x0800600c   0x0000005c   Code   RO         2532    i.SystemInit        system_stm32f4xx.o
    0x08006068   0x000000ac   Code   RO         2635    i.USART1_IRQHandler  usart.o
    0x08006114   0x0000004c   Code   RO         2636    i.USART2_IRQHandler  usart.o
    0x08006160   0x00000098   Code   RO         3065    i.USART3_IRQHandler  blue_teeth.o
    0x080061f8   0x00000006   Code   RO         5592    i.USART_ClearFlag   stm32f4xx_usart.o
    0x080061fe   0x0000000c   Code   RO         5593    i.USART_ClearITPendingBit  stm32f4xx_usart.o
    0x0800620a   0x00000014   Code   RO         5596    i.USART_Cmd         stm32f4xx_usart.o
    0x0800621e   0x0000000e   Code   RO         5599    i.USART_GetFlagStatus  stm32f4xx_usart.o
    0x0800622c   0x0000003e   Code   RO         5600    i.USART_GetITStatus  stm32f4xx_usart.o
    0x0800626a   0x00000030   Code   RO         5602    i.USART_ITConfig    stm32f4xx_usart.o
    0x0800629a   0x00000002   PAD
    0x0800629c   0x000000ac   Code   RO         5603    i.USART_Init        stm32f4xx_usart.o
    0x08006348   0x00000008   Code   RO         5610    i.USART_ReceiveData  stm32f4xx_usart.o
    0x08006350   0x00000008   Code   RO         5613    i.USART_SendData    stm32f4xx_usart.o
    0x08006358   0x00000002   Code   RO         2444    i.UsageFault_Handler  stm32f4xx_it.o
    0x0800635a   0x00000002   PAD
    0x0800635c   0x00000064   Code   RO         2880    i.Write_IIC_Byte    oled.o
    0x080063c0   0x0000002e   Code   RO         2881    i.Write_IIC_Command  oled.o
    0x080063ee   0x0000002e   Code   RO         2882    i.Write_IIC_Data    oled.o
    0x0800641c   0x0000002c   Code   RO         3182    i.Write_MFRC522     mfrc522.o
    0x08006448   0x00000030   Code   RO         6319    i.__ARM_fpclassify  m_wm.l(fpclassify.o)
    0x08006478   0x0000000e   Code   RO         6116    i._is_digit         c_w.l(__printf_wp.o)
    0x08006486   0x00000002   Code   RO         2637    i._sys_exit         usart.o
    0x08006488   0x0000007c   Code   RO         3104    i.adc_init          fire.o
    0x08006504   0x000000e0   Code   RO         2211    i.app_task_beep     main.o
    0x080065e4   0x000004e4   Code   RO         2212    i.app_task_blueteeth  main.o
    0x08006ac8   0x000000f8   Code   RO         2213    i.app_task_dht11    main.o
    0x08006bc0   0x000001a0   Code   RO         2214    i.app_task_fire     main.o
    0x08006d60   0x0000036c   Code   RO         2215    i.app_task_gsm      main.o
    0x080070cc   0x00000598   Code   RO         2216    i.app_task_init     main.o
    0x08007664   0x0000018c   Code   RO         2217    i.app_task_ir       main.o
    0x080077f0   0x00000dd0   Code   RO         2218    i.app_task_keyboard  main.o
    0x080085c0   0x000000a8   Code   RO         2219    i.app_task_num      main.o
    0x08008668   0x00000448   Code   RO         2220    i.app_task_rfid     main.o
    0x08008ab0   0x000000e0   Code   RO         2221    i.app_task_rtc      main.o
    0x08008b90   0x000000a8   Code   RO         2222    i.app_task_send     main.o
    0x08008c38   0x000001a4   Code   RO         2223    i.app_task_smoke    main.o
    0x08008ddc   0x00000174   Code   RO         2224    i.app_task_usart1   main.o
    0x08008f50   0x00000118   Code   RO         2225    i.app_task_usart2   main.o
    0x08009068   0x00000048   Code   RO         2568    i.delay_ms          delay.o
    0x080090b0   0x00000044   Code   RO         2569    i.delay_us          delay.o
    0x080090f4   0x00000034   Code   RO         2226    i.dgb_printf_safe   main.o
    0x08009128   0x0000003c   Code   RO         2726    i.dht11_init        dht11.o
    0x08009164   0x00000024   Code   RO         2727    i.dht11_pin_mode    dht11.o
    0x08009188   0x00000128   Code   RO         2728    i.dht11_read        dht11.o
    0x080092b0   0x00000030   Code   RO         3105    i.fire_init         fire.o
    0x080092e0   0x00000018   Code   RO         2638    i.fputc             usart.o
    0x080092f8   0x00000134   Code   RO         3130    i.get_key_board     keyboard.o
    0x0800942c   0x00000020   Code   RO         2884    i.i2c_sda_mode      oled.o
    0x0800944c   0x00000038   Code   RO         2885    i.i2c_start         oled.o
    0x08009484   0x00000038   Code   RO         2886    i.i2c_stop          oled.o
    0x080094bc   0x00000038   Code   RO         2887    i.i2c_wait_ack      oled.o
    0x080094f4   0x00000068   Code   RO         2760    i.ir_init           ir.o
    0x0800955c   0x000000f8   Code   RO         2761    i.ir_read           ir.o
    0x08009654   0x00000148   Code   RO         3131    i.key_state         keyboard.o
    0x0800979c   0x00000078   Code   RO         3132    i.keyboard_init     keyboard.o
    0x08009814   0x0000007c   Code   RO         2227    i.main              main.o
    0x08009890   0x000000ea   Code   RO         3025    i.rtc_init          rtc.o
    0x0800997a   0x00000002   PAD
    0x0800997c   0x0000007c   Code   RO         3334    i.smoke_adc_init    smoke.o
    0x080099f8   0x00000030   Code   RO         3335    i.smoke_init        smoke.o
    0x08009a28   0x00000060   Code   RO         2570    i.systick_init      delay.o
    0x08009a88   0x00000016   Code   RO         2228    i.timer_wdt_callback  main.o
    0x08009a9e   0x00000002   PAD
    0x08009aa0   0x000000ac   Code   RO         2640    i.usart2_init       usart.o
    0x08009b4c   0x00000030   Code   RO         2641    i.usart2_send_str   usart.o
    0x08009b7c   0x000000a8   Code   RO         3066    i.usart3_init       blue_teeth.o
    0x08009c24   0x00000030   Code   RO         3067    i.usart3_send_str   blue_teeth.o
    0x08009c54   0x000000b4   Code   RO         2642    i.usart_init        usart.o
    0x08009d08   0x0000002c   Code   RO         6299    locale$$code        c_w.l(lc_ctype_c.o)
    0x08009d34   0x0000002c   Code   RO         6302    locale$$code        c_w.l(lc_numeric_c.o)
    0x08009d60   0x0000000a   Code   RO         6387    x$fpl$fpinit        fz_wm.l(fpinit.o)
    0x08009d6a   0x00000004   Code   RO         6218    x$fpl$printf1       fz_wm.l(printf1.o)
    0x08009d6e   0x00000000   Code   RO         6318    x$fpl$usenofp       fz_wm.l(usenofp.o)
    0x08009d6e   0x00000002   PAD
    0x08009d70   0x00000004   Data   RO          943    .constdata          os_cfg_app.o
    0x08009d74   0x00000004   Data   RO          944    .constdata          os_cfg_app.o
    0x08009d78   0x00000004   Data   RO          945    .constdata          os_cfg_app.o
    0x08009d7c   0x00000004   Data   RO          954    .constdata          os_cfg_app.o
    0x08009d80   0x00000004   Data   RO          955    .constdata          os_cfg_app.o
    0x08009d84   0x00000002   Data   RO          957    .constdata          os_cfg_app.o
    0x08009d86   0x00000002   PAD
    0x08009d88   0x00000004   Data   RO          959    .constdata          os_cfg_app.o
    0x08009d8c   0x00000001   Data   RO          960    .constdata          os_cfg_app.o
    0x08009d8d   0x00000003   PAD
    0x08009d90   0x00000004   Data   RO          961    .constdata          os_cfg_app.o
    0x08009d94   0x00000004   Data   RO          962    .constdata          os_cfg_app.o
    0x08009d98   0x00000004   Data   RO          963    .constdata          os_cfg_app.o
    0x08009d9c   0x00000004   Data   RO          964    .constdata          os_cfg_app.o
    0x08009da0   0x00000004   Data   RO          966    .constdata          os_cfg_app.o
    0x08009da4   0x00000004   Data   RO          967    .constdata          os_cfg_app.o
    0x08009da8   0x00000001   Data   RO          968    .constdata          os_cfg_app.o
    0x08009da9   0x00000003   PAD
    0x08009dac   0x00000004   Data   RO          969    .constdata          os_cfg_app.o
    0x08009db0   0x00000004   Data   RO          970    .constdata          os_cfg_app.o
    0x08009db4   0x00000004   Data   RO          971    .constdata          os_cfg_app.o
    0x08009db8   0x00000001   Data   RO          973    .constdata          os_cfg_app.o
    0x08009db9   0x00000003   PAD
    0x08009dbc   0x00000004   Data   RO          974    .constdata          os_cfg_app.o
    0x08009dc0   0x00000004   Data   RO          975    .constdata          os_cfg_app.o
    0x08009dc4   0x00000004   Data   RO          976    .constdata          os_cfg_app.o
    0x08009dc8   0x00000004   Data   RO          977    .constdata          os_cfg_app.o
    0x08009dcc   0x00000400   Data   RO         2841    .constdata          bmp.o
    0x0800a1cc   0x00000400   Data   RO         2842    .constdata          bmp.o
    0x0800a5cc   0x00000400   Data   RO         2843    .constdata          bmp.o
    0x0800a9cc   0x00000400   Data   RO         2844    .constdata          bmp.o
    0x0800adcc   0x00000400   Data   RO         2846    .constdata          bmp.o
    0x0800b1cc   0x00000c18   Data   RO         2889    .constdata          oled.o
    0x0800bde4   0x00000028   Data   RO         6104    .constdata          c_w.l(_printf_hex_int_ll_ptr.o)
    0x0800be0c   0x00000011   Data   RO         6124    .constdata          c_w.l(__printf_flags_ss_wp.o)
    0x0800be1d   0x00000003   PAD
    0x0800be20   0x00000008   Data   RO         6184    .constdata          c_w.l(_printf_wctomb.o)
    0x0800be28   0x00000094   Data   RO         6274    .constdata          c_w.l(bigflt0.o)
    0x0800bebc   0x00000020   Data   RO         6440    Region$$Table       anon$$obj.o
    0x0800bedc   0x00000110   Data   RO         6298    locale$$data        c_w.l(lc_ctype_c.o)
    0x0800bfec   0x0000001c   Data   RO         6301    locale$$data        c_w.l(lc_numeric_c.o)


    Execution Region ER_RW (Base: 0x20000000, Size: 0x00000154, Max: 0xffffffff, ABSOLUTE, COMPRESSED[0x0000001c])

    Base Addr    Size         Type   Attr      Idx    E Section Name        Object

    0x20000000   0x00000008   Data   RW         1477    .data               os_prio.o
    0x20000008   0x00000004   Data   RW         2047    .data               os_var.o
    0x2000000c   0x00000004   Data   RW         2048    .data               os_var.o
    0x20000010   0x00000004   Data   RW         2049    .data               os_var.o
    0x20000014   0x00000004   Data   RW         2050    .data               os_var.o
    0x20000018   0x00000004   Data   RW         2051    .data               os_var.o
    0x2000001c   0x00000004   Data   RW         2052    .data               os_var.o
    0x20000020   0x00000004   Data   RW         2053    .data               os_var.o
    0x20000024   0x00000004   Data   RW         2054    .data               os_var.o
    0x20000028   0x00000001   Data   RW         2055    .data               os_var.o
    0x20000029   0x00000001   Data   RW         2056    .data               os_var.o
    0x2000002a   0x00000002   PAD
    0x2000002c   0x00000004   Data   RW         2057    .data               os_var.o
    0x20000030   0x00000002   Data   RW         2058    .data               os_var.o
    0x20000032   0x00000002   PAD
    0x20000034   0x00000004   Data   RW         2059    .data               os_var.o
    0x20000038   0x00000002   Data   RW         2060    .data               os_var.o
    0x2000003a   0x00000002   PAD
    0x2000003c   0x00000004   Data   RW         2061    .data               os_var.o
    0x20000040   0x00000002   Data   RW         2062    .data               os_var.o
    0x20000042   0x00000001   Data   RW         2063    .data               os_var.o
    0x20000043   0x00000001   Data   RW         2064    .data               os_var.o
    0x20000044   0x00000001   Data   RW         2065    .data               os_var.o
    0x20000045   0x00000003   PAD
    0x20000048   0x00000004   Data   RW         2066    .data               os_var.o
    0x2000004c   0x00000002   Data   RW         2067    .data               os_var.o
    0x2000004e   0x00000002   PAD
    0x20000050   0x00000004   Data   RW         2068    .data               os_var.o
    0x20000054   0x00000004   Data   RW         2069    .data               os_var.o
    0x20000058   0x00000004   Data   RW         2070    .data               os_var.o
    0x2000005c   0x00000001   Data   RW         2071    .data               os_var.o
    0x2000005d   0x00000003   PAD
    0x20000060   0x00000004   Data   RW         2072    .data               os_var.o
    0x20000064   0x00000002   Data   RW         2073    .data               os_var.o
    0x20000066   0x00000001   Data   RW         2074    .data               os_var.o
    0x20000067   0x00000001   PAD
    0x20000068   0x00000002   Data   RW         2075    .data               os_var.o
    0x2000006a   0x00000002   Data   RW         2076    .data               os_var.o
    0x2000006c   0x00000004   Data   RW         2077    .data               os_var.o
    0x20000070   0x00000004   Data   RW         2078    .data               os_var.o
    0x20000074   0x00000004   Data   RW         2079    .data               os_var.o
    0x20000078   0x00000001   Data   RW         2080    .data               os_var.o
    0x20000079   0x00000003   PAD
    0x2000007c   0x00000004   Data   RW         2081    .data               os_var.o
    0x20000080   0x00000004   Data   RW         2082    .data               os_var.o
    0x20000084   0x00000004   Data   RW         2083    .data               os_var.o
    0x20000088   0x00000002   Data   RW         2084    .data               os_var.o
    0x2000008a   0x00000001   Data   RW         2085    .data               os_var.o
    0x2000008b   0x00000001   PAD
    0x2000008c   0x00000004   Data   RW         2086    .data               os_var.o
    0x20000090   0x00000004   Data   RW         2087    .data               os_var.o
    0x20000094   0x00000008   Data   RW         2088    .data               os_var.o
    0x2000009c   0x00000008   Data   RW         2089    .data               os_var.o
    0x200000a4   0x00000004   Data   RW         2090    .data               os_var.o
    0x200000a8   0x00000002   Data   RW         2091    .data               os_var.o
    0x200000aa   0x00000002   PAD
    0x200000ac   0x00000004   Data   RW         2092    .data               os_var.o
    0x200000b0   0x00000002   Data   RW         2093    .data               os_var.o
    0x200000b2   0x00000002   PAD
    0x200000b4   0x00000004   Data   RW         2094    .data               os_var.o
    0x200000b8   0x00000004   Data   RW         2095    .data               os_var.o
    0x200000bc   0x00000004   Data   RW         2096    .data               os_var.o
    0x200000c0   0x00000004   Data   RW         2097    .data               os_var.o
    0x200000c4   0x00000004   Data   RW         2098    .data               os_var.o
    0x200000c8   0x00000004   Data   RW         2099    .data               os_var.o
    0x200000cc   0x00000004   Data   RW         2126    .data               os_cpu_c.o
    0x200000d0   0x00000008   Data   RW         2231    .data               main.o
    0x200000d8   0x00000014   Data   RW         2533    .data               system_stm32f4xx.o
    0x200000ec   0x00000004   Data   RW         2571    .data               delay.o
    0x200000f0   0x00000004   Data   RW         2644    .data               usart.o
    0x200000f4   0x00000004   Data   RW         2645    .data               usart.o
    0x200000f8   0x00000008   Data   RW         2729    .data               dht11.o
    0x20000100   0x0000001c   Data   RW         2762    .data               ir.o
    0x2000011c   0x00000008   Data   RW         2890    .data               oled.o
    0x20000124   0x00000004   Data   RW         3069    .data               blue_teeth.o
    0x20000128   0x00000008   Data   RW         3184    .data               mfrc522.o
    0x20000130   0x0000000e   Data   RW         3311    .data               rfid.o
    0x2000013e   0x00000010   Data   RW         4190    .data               stm32f4xx_rcc.o
    0x2000014e   0x00000002   PAD
    0x20000150   0x00000004   Data   RW         6133    .data               c_w.l(strtok.o)


    Execution Region ER_ZI (Base: 0x20000154, Size: 0x0000e964, Max: 0xffffffff, ABSOLUTE)

    Base Addr    Size         Type   Attr      Idx    E Section Name        Object

    0x20000154   0x00000100   Zero   RW          937    .bss                os_cfg_app.o
    0x20000254   0x00000190   Zero   RW          938    .bss                os_cfg_app.o
    0x200003e4   0x00000640   Zero   RW          939    .bss                os_cfg_app.o
    0x20000a24   0x00000190   Zero   RW          940    .bss                os_cfg_app.o
    0x20000bb4   0x00000190   Zero   RW          941    .bss                os_cfg_app.o
    0x20000d44   0x00000190   Zero   RW          942    .bss                os_cfg_app.o
    0x20000ed4   0x000000c0   Zero   RW         2040    .bss                os_var.o
    0x20000f94   0x0000000c   Zero   RW         2041    .bss                os_var.o
    0x20000fa0   0x00000300   Zero   RW         2042    .bss                os_var.o
    0x200012a0   0x000000c0   Zero   RW         2043    .bss                os_var.o
    0x20001360   0x000000c0   Zero   RW         2044    .bss                os_var.o
    0x20001420   0x00000030   Zero   RW         2045    .bss                os_var.o
    0x20001450   0x000000c0   Zero   RW         2046    .bss                os_var.o
    0x20001510   0x00008664   Zero   RW         2229    .bss                main.o
    0x20009b74   0x00000080   Zero   RW         2643    .bss                usart.o
    0x20009bf4   0x00000040   Zero   RW         3068    .bss                blue_teeth.o
    0x20009c34   0x00000012   Zero   RW         3183    .bss                mfrc522.o
    0x20009c46   0x00000012   Zero   RW         3310    .bss                rfid.o
    0x20009c58   0x00000060   Zero   RW         6221    .bss                c_w.l(libspace.o)
    0x20009cb8   0x00000200   Zero   RW         2201    HEAP                startup_stm32f40_41xxx.o
    0x20009eb8   0x00004c00   Zero   RW         2200    STACK               startup_stm32f40_41xxx.o


==============================================================================

Image component sizes


      Code (inc. data)   RO Data    RW Data    ZI Data      Debug   Object Name

        64         10          0          0          0        520   beep.o
       368         36          0          4         64       2460   blue_teeth.o
         0          0       5120          0          0       1100   bmp.o
        12          6          0          0          0     318900   bsp.o
        52          0          0          0          0        296   cpu_a.o
       236         40          0          4          0       1841   delay.o
       392         26          0          8          0       2382   dht11.o
       172         14          0          0          0       1151   fire.o
       476         68          0         28          0       2589   ir.o
       756         88          0          0          0       2456   keyboard.o
     11350       4174          0          8      34404      45551   main.o
      1366         52          0          8         18      11179   mfrc522.o
       144         14          0          0          0       2133   misc.o
      1030         42       3096          8          0       8907   oled.o
         0          0          0          0          0      28387   os_app_hooks.o
         2          0         81          0       3456      19055   os_cfg_app.o
      2116        350          0          0          0      17027   os_core.o
       268         14          0          0          0        384   os_cpu_a.o
       708        168          0          4          0      25498   os_cpu_c.o
         2          0          0          0          0        834   os_dbg.o
      1090         62          0          0          0       6064   os_flag.o
        24         10          0          0          0        781   os_mem.o
       398         28          0          0          0       3498   os_msg.o
       916         58          0          0          0       5847   os_mutex.o
       124         18          0          8          0       2578   os_prio.o
       726         46          0          0          0       4485   os_q.o
       360         34          0          0          0       3439   os_sem.o
       868        164          0          0          0       2738   os_stat.o
      2130        170          0          0          0      11373   os_task.o
       888         96          0          0          0       5662   os_tick.o
       180         26          0          0          0       1493   os_time.o
       854        174          0          0          0       5741   os_tmr.o
         0          0          0        173       1596      17760   os_var.o
       140         14          0         14         18       1464   rfid.o
       292          6          0          0          0       1776   rtc.o
       172         16          0          0          0       1170   smoke.o
       104         34        392          0      19968        880   startup_stm32f40_41xxx.o
       292         20          0          0          0       6002   stm32f4xx_adc.o
       144         14          0          0          0       2196   stm32f4xx_exti.o
       322         36          0          0          0       4725   stm32f4xx_flash.o
       152          0          0          0          0       1723   stm32f4xx_gpio.o
       136         60          0          0          0       3099   stm32f4xx_it.o
        16          6          0          0          0        525   stm32f4xx_iwdg.o
        12          6          0          0          0        542   stm32f4xx_pwr.o
       340         56          0         16          0       7011   stm32f4xx_rcc.o
       998         88          0          0          0      11089   stm32f4xx_rtc.o
        98          0          0          0          0       3502   stm32f4xx_spi.o
        48          6          0          0          0        640   stm32f4xx_syscfg.o
       350          8          0          0          0       6417   stm32f4xx_usart.o
       272         36          0         20          0       1677   system_stm32f4xx.o
       674         94          0          8        128       5947   usart.o

    ----------------------------------------------------------------------
     32678       6488       8732        336      59652     624494   Object Totals
         0          0         32          0          0          0   (incl. Generated)
        44          0         11         25          0          0   (incl. Padding)

    ----------------------------------------------------------------------

      Code (inc. data)   RO Data    RW Data    ZI Data      Debug   Library Member Name

        24          4          0          0          0         84   __2printf.o
        44          6          0          0          0         84   __2sprintf.o
        90          0          0          0          0          0   __dczerorl2.o
         8          0          0          0          0         68   __main.o
       392          4         17          0          0         92   __printf_flags_ss_wp.o
        14          0          0          0          0         68   __printf_wp.o
         0          0          0          0          0          0   __rtentry.o
        12          0          0          0          0          0   __rtentry2.o
         6          0          0          0          0          0   __rtentry4.o
        52          8          0          0          0          0   __scatter.o
        28          0          0          0          0          0   __scatter_zi.o
        28          0          0          0          0         68   _chval.o
         6          0          0          0          0          0   _printf_a.o
         6          0          0          0          0          0   _printf_c.o
        44          0          0          0          0        108   _printf_char.o
        48          6          0          0          0         96   _printf_char_common.o
        36          4          0          0          0         80   _printf_char_file.o
        40          0          0          0          0         68   _printf_charcount.o
         6          0          0          0          0          0   _printf_d.o
       120         16          0          0          0         92   _printf_dec.o
         6          0          0          0          0          0   _printf_e.o
         6          0          0          0          0          0   _printf_f.o
      1050          0          0          0          0        216   _printf_fp_dec.o
       128         16          0          0          0         84   _printf_fp_infnan.o
         6          0          0          0          0          0   _printf_g.o
       148          4         40          0          0        160   _printf_hex_int_ll_ptr.o
         6          0          0          0          0          0   _printf_i.o
       178          0          0          0          0         88   _printf_intcommon.o
        10          0          0          0          0          0   _printf_l.o
         6          0          0          0          0          0   _printf_lc.o
        10          0          0          0          0          0   _printf_ll.o
         6          0          0          0          0          0   _printf_lld.o
         6          0          0          0          0          0   _printf_lli.o
         6          0          0          0          0          0   _printf_llo.o
         6          0          0          0          0          0   _printf_llu.o
         6          0          0          0          0          0   _printf_llx.o
       124         16          0          0          0         92   _printf_longlong_dec.o
         6          0          0          0          0          0   _printf_ls.o
         6          0          0          0          0          0   _printf_n.o
         6          0          0          0          0          0   _printf_o.o
       112          8          0          0          0        124   _printf_oct_int_ll.o
         6          0          0          0          0          0   _printf_p.o
        78          0          0          0          0        108   _printf_pad.o
         0          0          0          0          0          0   _printf_percent.o
         4          0          0          0          0          0   _printf_percent_end.o
         6          0          0          0          0          0   _printf_s.o
        82          0          0          0          0         80   _printf_str.o
        36          0          0          0          0         84   _printf_truncate.o
         6          0          0          0          0          0   _printf_u.o
        44          0          0          0          0        108   _printf_wchar.o
       188          6          8          0          0         92   _printf_wctomb.o
         6          0          0          0          0          0   _printf_x.o
        10          0          0          0          0         68   _sputc.o
       158          0          0          0          0         92   _strtoul.o
        64          0          0          0          0         92   _wcrtomb.o
        26          0          0          0          0         80   atoi.o
       220          4        148          0          0         96   bigflt0.o
      1910        128          0          0          0        672   btod.o
        12          4          0          0          0         68   c89vprintf.o
        12          0          0          0          0         72   exit.o
         8          0          0          0          0         68   ferror.o
         6          0          0          0          0        152   heapauxi.o
        44         10        272          0          0         76   lc_ctype_c.o
        44         10         28          0          0         76   lc_numeric_c.o
         2          0          0          0          0          0   libinit.o
        34          0          0          0          0          0   libinit2.o
         2          0          0          0          0          0   libshutdown.o
         2          0          0          0          0          0   libshutdown2.o
         8          4          0          0         96         68   libspace.o
       138          0          0          0          0         80   lludiv10.o
        16          4          0          0          0         76   rt_ctype_table.o
         8          4          0          0          0         68   rt_errno_addr_intlibspace.o
         8          4          0          0          0         68   rt_locale_intlibspace.o
        68          0          0          0          0         68   rt_memclr.o
        78          0          0          0          0         80   rt_memclr_w.o
       138          0          0          0          0         68   rt_memcpy_v6.o
       100          0          0          0          0         80   rt_memcpy_w.o
         2          0          0          0          0          0   rtexit.o
        10          0          0          0          0          0   rtexit2.o
        24          0          0          0          0         68   strcat.o
       128          0          0          0          0         68   strcmpv7m.o
        32          0          0          0          0         80   strcspn.o
        62          0          0          0          0         76   strlen.o
       150          0          0          0          0         80   strncmp.o
        28          0          0          0          0         80   strspn.o
        36          0          0          0          0         80   strstr.o
        12          6          0          4          0         68   strtok.o
        68          4          0          0          0         84   strtok_int.o
       112          0          0          0          0         88   strtol.o
        74          0          0          0          0         80   sys_stackheap_outer.o
         2          0          0          0          0         68   use_no_semi.o
         2          0          0          0          0         68   use_no_semi_2.o
        10          0          0          0          0        116   fpinit.o
         4          0          0          0          0        116   printf1.o
         0          0          0          0          0          0   usenofp.o
        48          0          0          0          0        124   fpclassify.o

    ----------------------------------------------------------------------
      7234        280        516          4         96       5756   Library Totals
        16          0          3          0          0          0   (incl. Padding)

    ----------------------------------------------------------------------

      Code (inc. data)   RO Data    RW Data    ZI Data      Debug   Library Name

      7156        280        513          4         96       5400   c_w.l
        14          0          0          0          0        232   fz_wm.l
        48          0          0          0          0        124   m_wm.l

    ----------------------------------------------------------------------
      7234        280        516          4         96       5756   Library Totals

    ----------------------------------------------------------------------

==============================================================================


      Code (inc. data)   RO Data    RW Data    ZI Data      Debug   

     39912       6768       9248        340      59748     600530   Grand Totals
     39912       6768       9248         28      59748     600530   ELF Image Totals (compressed)
     39912       6768       9248         28          0          0   ROM Totals

==============================================================================

    Total RO  Size (Code + RO Data)                49160 (  48.01kB)
    Total RW  Size (RW Data + ZI Data)             60088 (  58.68kB)
    Total ROM Size (Code + RO Data + RW Data)      49188 (  48.04kB)

==============================================================================

